Archive member included to satisfy reference by file (symbol)

c:/program files (x86)/atmel/studio/7.0/toolchain/avr8/avr8-gnu-toolchain/bin/../lib/gcc/avr/4.9.2/../../../../avr/lib/avr5\libm.a(addsf3.o)
                              goldboard/LSM303.o (__subsf3)
c:/program files (x86)/atmel/studio/7.0/toolchain/avr8/avr8-gnu-toolchain/bin/../lib/gcc/avr/4.9.2/../../../../avr/lib/avr5\libm.a(addsf3x.o)
                              c:/program files (x86)/atmel/studio/7.0/toolchain/avr8/avr8-gnu-toolchain/bin/../lib/gcc/avr/4.9.2/../../../../avr/lib/avr5\libm.a(addsf3.o) (__addsf3x)
c:/program files (x86)/atmel/studio/7.0/toolchain/avr8/avr8-gnu-toolchain/bin/../lib/gcc/avr/4.9.2/../../../../avr/lib/avr5\libm.a(atan2.o)
                              goldboard/LSM303.o (atan2)
c:/program files (x86)/atmel/studio/7.0/toolchain/avr8/avr8-gnu-toolchain/bin/../lib/gcc/avr/4.9.2/../../../../avr/lib/avr5\libm.a(atan.o)
                              c:/program files (x86)/atmel/studio/7.0/toolchain/avr8/avr8-gnu-toolchain/bin/../lib/gcc/avr/4.9.2/../../../../avr/lib/avr5\libm.a(atan2.o) (atan)
c:/program files (x86)/atmel/studio/7.0/toolchain/avr8/avr8-gnu-toolchain/bin/../lib/gcc/avr/4.9.2/../../../../avr/lib/avr5\libm.a(cmpsf2.o)
                              goldboard/LSM303.o (__ltsf2)
c:/program files (x86)/atmel/studio/7.0/toolchain/avr8/avr8-gnu-toolchain/bin/../lib/gcc/avr/4.9.2/../../../../avr/lib/avr5\libm.a(divsf3.o)
                              goldboard/LSM303.o (__divsf3)
c:/program files (x86)/atmel/studio/7.0/toolchain/avr8/avr8-gnu-toolchain/bin/../lib/gcc/avr/4.9.2/../../../../avr/lib/avr5\libm.a(divsf3x.o)
                              c:/program files (x86)/atmel/studio/7.0/toolchain/avr8/avr8-gnu-toolchain/bin/../lib/gcc/avr/4.9.2/../../../../avr/lib/avr5\libm.a(divsf3.o) (__divsf3x)
c:/program files (x86)/atmel/studio/7.0/toolchain/avr8/avr8-gnu-toolchain/bin/../lib/gcc/avr/4.9.2/../../../../avr/lib/avr5\libm.a(fixsfsi.o)
                              goldboard/LSM303.o (__fixsfsi)
c:/program files (x86)/atmel/studio/7.0/toolchain/avr8/avr8-gnu-toolchain/bin/../lib/gcc/avr/4.9.2/../../../../avr/lib/avr5\libm.a(fixunssfsi.o)
                              goldboard/Print.o (__fixunssfsi)
c:/program files (x86)/atmel/studio/7.0/toolchain/avr8/avr8-gnu-toolchain/bin/../lib/gcc/avr/4.9.2/../../../../avr/lib/avr5\libm.a(floatsisf.o)
                              goldboard/Print.o (__floatunsisf)
c:/program files (x86)/atmel/studio/7.0/toolchain/avr8/avr8-gnu-toolchain/bin/../lib/gcc/avr/4.9.2/../../../../avr/lib/avr5\libm.a(fp_cmp.o)
                              c:/program files (x86)/atmel/studio/7.0/toolchain/avr8/avr8-gnu-toolchain/bin/../lib/gcc/avr/4.9.2/../../../../avr/lib/avr5\libm.a(cmpsf2.o) (__fp_cmp)
c:/program files (x86)/atmel/studio/7.0/toolchain/avr8/avr8-gnu-toolchain/bin/../lib/gcc/avr/4.9.2/../../../../avr/lib/avr5\libm.a(fp_inf.o)
                              c:/program files (x86)/atmel/studio/7.0/toolchain/avr8/avr8-gnu-toolchain/bin/../lib/gcc/avr/4.9.2/../../../../avr/lib/avr5\libm.a(addsf3x.o) (__fp_inf)
c:/program files (x86)/atmel/studio/7.0/toolchain/avr8/avr8-gnu-toolchain/bin/../lib/gcc/avr/4.9.2/../../../../avr/lib/avr5\libm.a(fp_nan.o)
                              c:/program files (x86)/atmel/studio/7.0/toolchain/avr8/avr8-gnu-toolchain/bin/../lib/gcc/avr/4.9.2/../../../../avr/lib/avr5\libm.a(addsf3x.o) (__fp_nan)
c:/program files (x86)/atmel/studio/7.0/toolchain/avr8/avr8-gnu-toolchain/bin/../lib/gcc/avr/4.9.2/../../../../avr/lib/avr5\libm.a(fp_powser.o)
                              c:/program files (x86)/atmel/studio/7.0/toolchain/avr8/avr8-gnu-toolchain/bin/../lib/gcc/avr/4.9.2/../../../../avr/lib/avr5\libm.a(atan.o) (__fp_powser)
c:/program files (x86)/atmel/studio/7.0/toolchain/avr8/avr8-gnu-toolchain/bin/../lib/gcc/avr/4.9.2/../../../../avr/lib/avr5\libm.a(fp_pscA.o)
                              c:/program files (x86)/atmel/studio/7.0/toolchain/avr8/avr8-gnu-toolchain/bin/../lib/gcc/avr/4.9.2/../../../../avr/lib/avr5\libm.a(addsf3x.o) (__fp_pscA)
c:/program files (x86)/atmel/studio/7.0/toolchain/avr8/avr8-gnu-toolchain/bin/../lib/gcc/avr/4.9.2/../../../../avr/lib/avr5\libm.a(fp_pscB.o)
                              c:/program files (x86)/atmel/studio/7.0/toolchain/avr8/avr8-gnu-toolchain/bin/../lib/gcc/avr/4.9.2/../../../../avr/lib/avr5\libm.a(addsf3x.o) (__fp_pscB)
c:/program files (x86)/atmel/studio/7.0/toolchain/avr8/avr8-gnu-toolchain/bin/../lib/gcc/avr/4.9.2/../../../../avr/lib/avr5\libm.a(fp_round.o)
                              c:/program files (x86)/atmel/studio/7.0/toolchain/avr8/avr8-gnu-toolchain/bin/../lib/gcc/avr/4.9.2/../../../../avr/lib/avr5\libm.a(addsf3.o) (__fp_round)
c:/program files (x86)/atmel/studio/7.0/toolchain/avr8/avr8-gnu-toolchain/bin/../lib/gcc/avr/4.9.2/../../../../avr/lib/avr5\libm.a(fp_split3.o)
[...]
Memory Configuration

Name             Origin             Length             Attributes
text             0x00000000         0x00020000         xr
data             0x00800060         0x0000ffa0         rw !x
eeprom           0x00810000         0x00010000         rw !x
fuse             0x00820000         0x00000002         rw !x
lock             0x00830000         0x00000400         rw !x
signature        0x00840000         0x00000400         rw !x
user_signatures  0x00850000         0x00000400         rw !x
*default*        0x00000000         0xffffffff

Linker script and memory map

LOAD C:/Program Files (x86)/Atmel/Studio/7.0/Packs/atmel/ATmega_DFP/1.1.130/gcc/dev/atmega32/avr5/crtatmega32.o
LOAD Ballverfolgung.o
LOAD Displaysteuerung.o
LOAD goldboard/abi.o
LOAD goldboard/adc.o
LOAD goldboard/CMPS03.o
LOAD goldboard/CMPS11.o
LOAD goldboard/Display.o
LOAD goldboard/Goldboard4.o
LOAD goldboard/HC05.o
LOAD goldboard/i2c.o
LOAD goldboard/infrared_pulse.o
LOAD goldboard/LiquidCrystal_I2C.o
LOAD goldboard/LSM303.o
LOAD goldboard/Motor.o
LOAD goldboard/PCF8574A.o
LOAD goldboard/Print.o
LOAD goldboard/pwm.o
LOAD goldboard/SerialPrint.o
LOAD goldboard/servopwm.o
LOAD goldboard/SonarSRF.o
LOAD goldboard/SonarSRF02.o
LOAD goldboard/SonarSRF08.o
LOAD goldboard/SRF08.o
LOAD goldboard/time.o
LOAD goldboard/twi.o
LOAD goldboard/uart.o
LOAD goldboard/usring.o
LOAD goldboard/VL53L0X.o
LOAD goldboard/Wire.o
LOAD goldboard/WString.o
LOAD Linie.o
LOAD main.o
LOAD Power.o
LOAD Sensoren.o
LOAD Testfunktionen.o
LOAD Variablen.o
START GROUP
LOAD c:/program files (x86)/atmel/studio/7.0/toolchain/avr8/avr8-gnu-toolchain/bin/../lib/gcc/avr/4.9.2/../../../../avr/lib/avr5\libm.a
END GROUP
LOAD c:/program files (x86)/atmel/studio/7.0/toolchain/avr8/avr8-gnu-toolchain/bin/../lib/gcc/avr/4.9.2/avr5\libgcc.a
LOAD c:/program files (x86)/atmel/studio/7.0/toolchain/avr8/avr8-gnu-toolchain/bin/../lib/gcc/avr/4.9.2/../../../../avr/lib/avr5\libm.a
START GROUP
LOAD c:/program files (x86)/atmel/studio/7.0/toolchain/avr8/avr8-gnu-toolchain/bin/../lib/gcc/avr/4.9.2/avr5\libgcc.a
LOAD c:/program files (x86)/atmel/studio/7.0/toolchain/avr8/avr8-gnu-toolchain/bin/../lib/gcc/avr/4.9.2/../../../../avr/lib/avr5\libm.a
LOAD c:/program files (x86)/atmel/studio/7.0/toolchain/avr8/avr8-gnu-toolchain/bin/../lib/gcc/avr/4.9.2/../../../../avr/lib/avr5\libc.a
LOAD C:/Program Files (x86)/Atmel/Studio/7.0/Packs/atmel/ATmega_DFP/1.1.130/gcc/dev/atmega32/avr5\libatmega32.a
END GROUP
                0x00020000                __TEXT_REGION_LENGTH__ = DEFINED (__TEXT_REGION_LENGTH__)?__TEXT_REGION_LENGTH__:0x20000
                0x0000ffa0                __DATA_REGION_LENGTH__ = DEFINED (__DATA_REGION_LENGTH__)?__DATA_REGION_LENGTH__:0xffa0
                0x00010000                __EEPROM_REGION_LENGTH__ = DEFINED (__EEPROM_REGION_LENGTH__)?__EEPROM_REGION_LENGTH__:0x10000
                [0x00000002]                __FUSE_REGION_LENGTH__ = DEFINED (__FUSE_REGION_LENGTH__)?__FUSE_REGION_LENGTH__:0x400
                0x00000400                __LOCK_REGION_LENGTH__ = DEFINED (__LOCK_REGION_LENGTH__)?__LOCK_REGION_LENGTH__:0x400
                0x00000400                __SIGNATURE_REGION_LENGTH__ = DEFINED (__SIGNATURE_REGION_LENGTH__)?__SIGNATURE_REGION_LENGTH__:0x400
                0x00000400                __USER_SIGNATURE_REGION_LENGTH__ = DEFINED (__USER_SIGNATURE_REGION_LENGTH__)?__USER_SIGNATURE_REGION_LENGTH__:0x400

.hash
 *(.hash)

.dynsym
 *(.dynsym)

.dynstr
 *(.dynstr)

.gnu.version
 *(.gnu.version)

.gnu.version_d
 *(.gnu.version_d)

.gnu.version_r
 *(.gnu.version_r)

.rel.init
 *(.rel.init)

.rela.init
 *(.rela.init)

.rel.text
 *(.rel.text)
 *(.rel.text.*)
 *(.rel.gnu.linkonce.t*)

.rela.text
 *(.rela.text)
 *(.rela.text.*)
 *(.rela.gnu.linkonce.t*)

.rel.fini
 *(.rel.fini)

.rela.fini
 *(.rela.fini)

.rel.rodata
 *(.rel.rodata)
 *(.rel.rodata.*)
 *(.rel.gnu.linkonce.r*)

.rela.rodata
 *(.rela.rodata)
 *(.rela.rodata.*)
 *(.rela.gnu.linkonce.r*)

.rel.data
 *(.rel.data)
 *(.rel.data.*)
 *(.rel.gnu.linkonce.d*)

.rela.data
 *(.rela.data)
 *(.rela.data.*)
 *(.rela.gnu.linkonce.d*)

.rel.ctors
 *(.rel.ctors)

.rela.ctors
 *(.rela.ctors)

.rel.dtors
 *(.rel.dtors)

.rela.dtors
 *(.rela.dtors)

.rel.got
 *(.rel.got)

.rela.got
 *(.rela.got)

.rel.bss
 *(.rel.bss)

.rela.bss
 *(.rela.bss)

.rel.plt
 *(.rel.plt)

.rela.plt
 *(.rela.plt)

.text           0x00000000     0x5e60
 *(.vectors)
 .vectors       0x00000000       0x54 C:/Program Files (x86)/Atmel/Studio/7.0/Packs/atmel/ATmega_DFP/1.1.130/gcc/dev/atmega32/avr5/crtatmega32.o
                0x00000000                __vector_default
                0x00000000                __vectors
 *(.vectors)
 *(.progmem.gcc*)
 .progmem.gcc_sw_table.__vector_19
                0x00000054      0x192 goldboard/twi.o
 .progmem.gcc_fplib
                0x000001e6       0x1e c:/program files (x86)/atmel/studio/7.0/toolchain/avr8/avr8-gnu-toolchain/bin/../lib/gcc/avr/4.9.2/../../../../avr/lib/avr5\libm.a(fp_sinus.o)
                0x00000204                . = ALIGN (0x2)
                0x00000204                __trampolines_start = .
 *(.trampolines)
 .trampolines   0x00000204        0x0 linker stubs
 *(.trampolines*)
                0x00000204                __trampolines_end = .
 *libprintf_flt.a:*(.progmem.data)
 *libc.a:*(.progmem.data)
 *(.progmem*)
 .progmem.data._ZL12error_prefix
                0x00000204        0x9 goldboard/CMPS11.o
 .progmem.data._ZL15progmem_timeout
                0x0000020d        0x8 goldboard/CMPS11.o
 .progmem.data._ZL14progmem_no_ack
                0x00000215        0x7 goldboard/CMPS11.o
 .progmem.data._ZL22progmem_string_lineend
                0x0000021c        0x3 goldboard/CMPS11.o
 .progmem.data._ZL20progmem_string_error
                0x0000021f        0x8 goldboard/CMPS11.o
 .progmem.data._ZZN10Goldboard48selftestEvE3__c_0
                0x00000227       0x22 goldboard/Goldboard4.o
 .progmem.data._ZZN10Goldboard48selftestEvE3__c
                0x00000249       0x22 goldboard/Goldboard4.o
 .progmem.data._ZZN10Goldboard47scanI2CEvE3__c_8
                0x0000026b        0xf goldboard/Goldboard4.o
 .progmem.data._ZZN10Goldboard47scanI2CEvE3__c_7
                0x0000027a        0xb goldboard/Goldboard4.o
 .progmem.data._ZZN10Goldboard47scanI2CEvE3__c_6
                0x00000285       0x10 goldboard/Goldboard4.o
 .progmem.data._ZZN10Goldboard47scanI2CEvE3__c_5
                0x00000295        0x9 goldboard/Goldboard4.o
 .progmem.data._ZZN10Goldboard47scanI2CEvE3__c_4
                0x0000029e        0xf goldboard/Goldboard4.o
 .progmem.data._ZZN10Goldboard47scanI2CEvE3__c_3
                0x000002ad        0x8 goldboard/Goldboard4.o
 .progmem.data._ZZN10Goldboard47scanI2CEvE3__c_2
                0x000002b5        0xb goldboard/Goldboard4.o
 .progmem.data._ZZN10Goldboard47scanI2CEvE3__c_1
                0x000002c0        0xa goldboard/Goldboard4.o
 .progmem.data._ZZN10Goldboard47scanI2CEvE3__c_0
                0x000002ca        0x4 goldboard/Goldboard4.o
 .progmem.data._ZZN10Goldboard47scanI2CEvE3__c
                0x000002ce       0x11 goldboard/Goldboard4.o
 .progmem.data._ZZN10Goldboard44initEvE3__c_0
                0x000002df        0xa goldboard/Goldboard4.o
 .progmem.data._ZZN10Goldboard44initEvE3__c
                0x000002e9        0x8 goldboard/Goldboard4.o
 .progmem.data._ZL22progmem_string_lineend
                0x000002f1        0x3 goldboard/Goldboard4.o
 .progmem.data._ZL20progmem_string_error
                0x000002f4        0x8 goldboard/Goldboard4.o
 .progmem.data._ZZN8PCF8574A5writeEvE3__c
                0x000002fc       0x1e goldboard/PCF8574A.o
 .progmem.data._ZZN8PCF8574A4readEvE3__c
                0x0000031a       0x1e goldboard/PCF8574A.o
 .progmem.data._ZL22progmem_string_lineend
                0x00000338        0x3 goldboard/PCF8574A.o
 .progmem.data._ZL20progmem_string_error
                0x0000033b        0x8 goldboard/PCF8574A.o
 .progmem.data._ZZN5SRF0817_i2cWriteRegisterEhhE3__c
                0x00000343        0xa goldboard/SRF08.o
 .progmem.data._ZZN5SRF0814measurementGetEvE3__c_0
                0x0000034d        0xc goldboard/SRF08.o
 .progmem.data._ZZN5SRF0814measurementGetEvE3__c
                0x00000359        0xa goldboard/SRF08.o
 .progmem.data._ZZN5SRF0819measurementCompleteEvE3__c
                0x00000363        0xc goldboard/SRF08.o
 .progmem.data._ZZN5SRF084initEhE3__c
                0x0000036f        0xb goldboard/SRF08.o
 .progmem.data._ZL22progmem_string_lineend
                0x0000037a        0x3 goldboard/SRF08.o
 .progmem.data._ZL20progmem_string_error
                0x0000037d        0x8 goldboard/SRF08.o
 .progmem.data._ZL12error_prefix
                0x00000385        0x9 goldboard/usring.o
 .progmem.data._ZL14progmem_no_ack
                0x0000038e        0x7 goldboard/usring.o
 .progmem.data._ZL22progmem_string_lineend
                0x00000395        0x3 goldboard/usring.o
 .progmem.data._ZL20progmem_string_error
                0x00000398        0x8 goldboard/usring.o
 .progmem.data._ZZN5TPixyI7LinkI2CE8getStartEvE3__c
                0x000003a0       0x12 Sensoren.o
                0x000003a0                _ZZN5TPixyI7LinkI2CE8getStartEvE3__c
 .progmem.data._ZL22progmem_string_lineend
                0x000003b2        0x3 Sensoren.o
 .progmem.data._ZL20progmem_string_error
                0x000003b5        0x8 Sensoren.o
                0x000003be                . = ALIGN (0x2)
 *fill*         0x000003bd        0x1 
 *(.jumptables)
 *(.jumptables*)
 *(.lowtext)
 *(.lowtext*)
                0x000003be                __ctors_start = .
 *(.ctors)
 .ctors         0x000003be        0x2 goldboard/SerialPrint.o
 .ctors         0x000003c0        0x2 main.o
                0x000003c2                __ctors_end = .
                0x000003c2                __dtors_start = .
 *(.dtors)
 .dtors         0x000003c2        0x2 main.o
                0x000003c4                __dtors_end = .
 SORT(*)(.ctors)
 SORT(*)(.dtors)
 *(.init0)
 .init0         0x000003c4        0x0 C:/Program Files (x86)/Atmel/Studio/7.0/Packs/atmel/ATmega_DFP/1.1.130/gcc/dev/atmega32/avr5/crtatmega32.o
                0x000003c4                __init
 *(.init0)
 *(.init1)
 *(.init1)
 *(.init2)
 .init2         0x000003c4        0xc C:/Program Files (x86)/Atmel/Studio/7.0/Packs/atmel/ATmega_DFP/1.1.130/gcc/dev/atmega32/avr5/crtatmega32.o
 *(.init2)
 *(.init3)
 *(.init3)
 *(.init4)
 .init4         0x000003d0       0x16 c:/program files (x86)/atmel/studio/7.0/toolchain/avr8/avr8-gnu-toolchain/bin/../lib/gcc/avr/4.9.2/avr5\libgcc.a(_copy_data.o)
                0x000003d0                __do_copy_data
 .init4         0x000003e6       0x10 c:/program files (x86)/atmel/studio/7.0/toolchain/avr8/avr8-gnu-toolchain/bin/../lib/gcc/avr/4.9.2/avr5\libgcc.a(_clear_bss.o)
                0x000003e6                __do_clear_bss
 *(.init4)
 *(.init5)
 *(.init5)
 *(.init6)
 .init6         0x000003f6       0x16 c:/program files (x86)/atmel/studio/7.0/toolchain/avr8/avr8-gnu-toolchain/bin/../lib/gcc/avr/4.9.2/avr5\libgcc.a(_ctors.o)
                0x000003f6                __do_global_ctors
 *(.init6)
 *(.init7)
 *(.init7)
 *(.init8)
 *(.init8)
 *(.init9)
 .init9         0x0000040c        0x8 C:/Program Files (x86)/Atmel/Studio/7.0/Packs/atmel/ATmega_DFP/1.1.130/gcc/dev/atmega32/avr5/crtatmega32.o
 *(.init9)
 *(.text)
 .text          0x00000414        0x4 C:/Program Files (x86)/Atmel/Studio/7.0/Packs/atmel/ATmega_DFP/1.1.130/gcc/dev/atmega32/avr5/crtatmega32.o
                0x00000414                __vector_1
                0x00000414                __vector_12
                0x00000414                __bad_interrupt
                0x00000414                __vector_6
                0x00000414                __vector_3
                0x00000414                __vector_11
                0x00000414                __vector_17
                0x00000414                __vector_5
                0x00000414                __vector_9
                0x00000414                __vector_2
                0x00000414                __vector_15
                0x00000414                __vector_8
                0x00000414                __vector_16
                0x00000414                __vector_18
                0x00000414                __vector_20
                0x00000418                . = ALIGN (0x2)
 *(.text.*)
 .text._Z11menue_startv
                0x00000418      0x140 Displaysteuerung.o
                0x00000418                _Z11menue_startv
 .text._Z16menue_sensoren_av
                0x00000558      0x1b8 Displaysteuerung.o
                0x00000558                _Z16menue_sensoren_av
 .text._Z16menue_sensoren_bv
                0x00000710      0x1bc Displaysteuerung.o
                0x00000710                _Z16menue_sensoren_bv
 .text._Z15menues_sensorenv
                0x000008cc      0xd70 Displaysteuerung.o
                0x000008cc                _Z15menues_sensorenv
 .text._Z16menue_motorboardv
                0x0000163c      0x188 Displaysteuerung.o
                0x0000163c                _Z16menue_motorboardv
 .text._Z13menue_motorenv
                0x000017c4      0x2ce Displaysteuerung.o
                0x000017c4                _Z13menue_motorenv
 .text._Z11menue_powerv
                0x00001a92      0x1b2 Displaysteuerung.o
                0x00001a92                _Z11menue_powerv
 .text._Z16displaysteuerungv
                0x00001c44       0xb4 Displaysteuerung.o
                0x00001c44                _Z16displaysteuerungv
 .text.adc_read
                0x00001cf8       0x16 goldboard/adc.o
                0x00001cf8                adc_read
 .text._ZN6CMPS11C2Ev
                0x00001d0e        0xa goldboard/CMPS11.o
                0x00001d0e                _ZN6CMPS11C2Ev
                0x00001d0e                _ZN6CMPS11C1Ev
 .text._ZN6CMPS114initEv
                0x00001d18        0xa goldboard/CMPS11.o
                0x00001d18                _ZN6CMPS114initEv
 .text._ZN6CMPS118getValueEv
                0x00001d22       0xfa goldboard/CMPS11.o
                0x00001d22                _ZN6CMPS118getValueEv
 .text._ZN6CMPS1114setAs128DegreeEv
                0x00001e1c       0x74 goldboard/CMPS11.o
                0x00001e1c                _ZN6CMPS1114setAs128DegreeEv
 .text._ZN6CMPS113cmdEh
                0x00001e90       0x60 goldboard/CMPS11.o
                0x00001e90                _ZN6CMPS113cmdEh
 .text._ZN6CMPS1116startCalibrationEv
                0x00001ef0       0x22 goldboard/CMPS11.o
                0x00001ef0                _ZN6CMPS1116startCalibrationEv
 .text._ZN6CMPS1115exitCalibrationEv
                0x00001f12       0x14 goldboard/CMPS11.o
                0x00001f12                _ZN6CMPS1115exitCalibrationEv
 .text._Z11sendCommandh
                0x00001f26       0xa6 goldboard/Display.o
                0x00001f26                _Z11sendCommandh
 .text._Z8sendDatah
                0x00001fcc       0xa6 goldboard/Display.o
                0x00001fcc                _Z8sendDatah
 .text._Z4loc8v
                0x00002072       0x34 goldboard/Display.o
                0x00002072                _Z4loc8v
 .text._Z16sendCommand_inith
                0x000020a6       0x52 goldboard/Display.o
                0x000020a6                _Z16sendCommand_inith
 .text._Z7LCDinitv
                0x000020f8       0x80 goldboard/Display.o
                0x000020f8                _Z7LCDinitv
 .text._Z6LCDclsv
                0x00002178       0x14 goldboard/Display.o
                0x00002178                _Z6LCDclsv
 .text._Z9LCDlocateii
                0x0000218c       0x1a goldboard/Display.o
                0x0000218c                _Z9LCDlocateii
 .text._Z7LCDputcc
                0x000021a6       0x32 goldboard/Display.o
                0x000021a6                _Z7LCDputcc
 .text._Z13LCDprint_textPKc
                0x000021d8       0x1e goldboard/Display.o
                0x000021d8                _Z13LCDprint_textPKc
 .text._Z13LCDprint_textiiPKc
                0x000021f6       0x1c goldboard/Display.o
                0x000021f6                _Z13LCDprint_textiiPKc
 .text._Z12LCDprint_numi
                0x00002212       0xca goldboard/Display.o
                0x00002212                _Z12LCDprint_numi
 .text._Z12LCDprint_numiii
                0x000022dc       0x1c goldboard/Display.o
                0x000022dc                _Z12LCDprint_numiii
 .text._ZN10Goldboard46setLedEhb
                0x000022f8       0x3a goldboard/Goldboard4.o
                0x000022f8                _ZN10Goldboard46setLedEhb
 .text._ZN10Goldboard48setPowerEhb
                0x00002332       0x22 goldboard/Goldboard4.o
                0x00002332                _ZN10Goldboard48setPowerEhb
 .text._ZN10Goldboard49getButtonEh
                0x00002354       0x4e goldboard/Goldboard4.o
                0x00002354                _ZN10Goldboard49getButtonEh
 .text._ZN10Goldboard49getAnalogEh
                0x000023a2       0x1c goldboard/Goldboard4.o
                0x000023a2                _ZN10Goldboard49getAnalogEh
 .text._ZN10Goldboard410getDigitalEh
                0x000023be      0x13a goldboard/Goldboard4.o
                0x000023be                _ZN10Goldboard410getDigitalEh
 .text._ZN10Goldboard410setDigitalEhb
                0x000024f8      0x106 goldboard/Goldboard4.o
                0x000024f8                _ZN10Goldboard410setDigitalEhb
 .text._ZN10Goldboard47scanI2CEv
                0x000025fe       0xc4 goldboard/Goldboard4.o
                0x000025fe                _ZN10Goldboard47scanI2CEv
 .text._ZN10Goldboard48selftestEv
                0x000026c2       0x6c goldboard/Goldboard4.o
                0x000026c2                _ZN10Goldboard48selftestEv
 .text._ZN10Goldboard44initEv
                0x0000272e       0xea goldboard/Goldboard4.o
                0x0000272e                _ZN10Goldboard44initEv
 .text._ZN10Goldboard4C2Ev
                0x00002818       0x4a goldboard/Goldboard4.o
                0x00002818                _ZN10Goldboard4C2Ev
                0x00002818                _ZN10Goldboard4C1Ev
 .text.i2cWaitForActionFinish
                0x00002862       0x14 goldboard/i2c.o
                0x00002862                i2cWaitForActionFinish
 .text.i2cWaitForSignal
                0x00002876        0xa goldboard/i2c.o
                0x00002876                i2cWaitForSignal
 .text.i2cOpen  0x00002880       0xae goldboard/i2c.o
                0x00002880                i2cOpen
 .text.i2cWriteData
                0x0000292e       0x1e goldboard/i2c.o
                0x0000292e                i2cWriteData
 .text.i2cWriteToSlave
                0x0000294c       0x64 goldboard/i2c.o
                0x0000294c                i2cWriteToSlave
 .text._Z9pulse_isrv
                0x000029b0       0x26 goldboard/infrared_pulse.o
                0x000029b0                _Z9pulse_isrv
 .text._Z10pulse_initv
                0x000029d6       0x2e goldboard/infrared_pulse.o
                0x000029d6                _Z10pulse_initv
 .text._ZN5Print17availableForWriteEv
                0x00002a04        0x6 goldboard/LiquidCrystal_I2C.o
                0x00002a04                _ZN5Print17availableForWriteEv
 .text._ZN5Print5flushEv
                0x00002a0a        0x2 goldboard/LiquidCrystal_I2C.o
                0x00002a0a                _ZN5Print5flushEv
 .text._Z10initMotorsP8PCF8574A
                0x00002a0c       0x1a goldboard/Motor.o
                0x00002a0c                _Z10initMotorsP8PCF8574A
 .text._Z9motor_isrv
                0x00002a26      0x3ac goldboard/Motor.o
                0x00002a26                _Z9motor_isrv
 .text._ZN5MotorC2Ev
                0x00002dd2        0xa goldboard/Motor.o
                0x00002dd2                _ZN5MotorC2Ev
                0x00002dd2                _ZN5MotorC1Ev
 .text._ZN5Motor4initEhP8PCF8574A
                0x00002ddc       0x2c goldboard/Motor.o
                0x00002ddc                _ZN5Motor4initEhP8PCF8574A
 .text._ZN5Motor6rotateEi
                0x00002e08       0x60 goldboard/Motor.o
                0x00002e08                _ZN5Motor6rotateEi
 .text._ZN8PCF8574AC2Ev
                0x00002e68        0xc goldboard/PCF8574A.o
                0x00002e68                _ZN8PCF8574AC2Ev
                0x00002e68                _ZN8PCF8574AC1Ev
 .text._ZN8PCF8574A4initEh
                0x00002e74        0x6 goldboard/PCF8574A.o
                0x00002e74                _ZN8PCF8574A4initEh
 .text._ZN8PCF8574A6setPinEhb
                0x00002e7a       0x3c goldboard/PCF8574A.o
                0x00002e7a                _ZN8PCF8574A6setPinEhb
 .text._ZN8PCF8574A4readEv
                0x00002eb6       0x56 goldboard/PCF8574A.o
                0x00002eb6                _ZN8PCF8574A4readEv
 .text._ZN8PCF8574A5writeEv
                0x00002f0c       0x5e goldboard/PCF8574A.o
                0x00002f0c                _ZN8PCF8574A5writeEv
 .text._ZN5Print5writeEPKhj
                0x00002f6a       0x5e goldboard/Print.o
                0x00002f6a                _ZN5Print5writeEPKhj
 .text._ZN5Print5printEPKc
                0x00002fc8       0x2c goldboard/Print.o
                0x00002fc8                _ZN5Print5printEPKc
 .text._ZN5Print5printEc
                0x00002ff4       0x10 goldboard/Print.o
                0x00002ff4                _ZN5Print5printEc
 .text._ZN5Print7printlnEv
                0x00003004       0x18 goldboard/Print.o
                0x00003004                _ZN5Print7printlnEv
 .text._ZN5Print7printlnEPKc
                0x0000301c       0x24 goldboard/Print.o
                0x0000301c                _ZN5Print7printlnEPKc
 .text._ZN5Print11printNumberEmh
                0x00003040       0xbe goldboard/Print.o
                0x00003040                _ZN5Print11printNumberEmh
 .text._ZN5Print5printEli
                0x000030fe       0x78 goldboard/Print.o
                0x000030fe                _ZN5Print5printEli
 .text._ZN5Print5printEii
                0x00003176       0x10 goldboard/Print.o
                0x00003176                _ZN5Print5printEii
 .text.__vector_4
                0x00003186      0x132 goldboard/pwm.o
                0x00003186                __vector_4
 .text._Z6setPwmhh
                0x000032b8       0x10 goldboard/pwm.o
                0x000032b8                _Z6setPwmhh
 .text._Z8sortDatav
                0x000032c8       0x96 goldboard/pwm.o
                0x000032c8                _Z8sortDatav
 .text._Z8copyDatav
                0x0000335e       0x10 goldboard/pwm.o
                0x0000335e                _Z8copyDatav
 .text._Z12calculateOCRv
                0x0000336e       0xea goldboard/pwm.o
                0x0000336e                _Z12calculateOCRv
 .text._Z7initPwmv
                0x00003458       0x90 goldboard/pwm.o
                0x00003458                _Z7initPwmv
 .text._Z9updatePwmv
                0x000034e8       0x16 goldboard/pwm.o
                0x000034e8                _Z9updatePwmv
 .text._ZN11SerialPrint5writeEh
                0x000034fe        0xc goldboard/SerialPrint.o
                0x000034fe                _ZN11SerialPrint5writeEh
 .text._GLOBAL__sub_I__ZN11SerialPrintC2Ev
                0x0000350a       0x14 goldboard/SerialPrint.o
 .text.__vector_7
                0x0000351e       0xa8 goldboard/servopwm.o
                0x0000351e                __vector_7
 .text._ZN5SRF08C2Ev
                0x000035c6       0x14 goldboard/SRF08.o
                0x000035c6                _ZN5SRF08C1Ev
                0x000035c6                _ZN5SRF08C2Ev
 .text._ZN5SRF088checkACKEv
                0x000035da       0x1e goldboard/SRF08.o
                0x000035da                _ZN5SRF088checkACKEv
 .text._ZN5SRF0819measurementCompleteEv
                0x000035f8       0xbe goldboard/SRF08.o
                0x000035f8                _ZN5SRF0819measurementCompleteEv
 .text._ZN5SRF0814measurementGetEv
                0x000036b6      0x118 goldboard/SRF08.o
                0x000036b6                _ZN5SRF0814measurementGetEv
 .text._ZN5SRF0817_i2cWriteRegisterEhh
                0x000037ce       0x54 goldboard/SRF08.o
                0x000037ce                _ZN5SRF0817_i2cWriteRegisterEhh
 .text._ZN5SRF0816measurementStartEv
                0x00003822       0x36 goldboard/SRF08.o
                0x00003822                _ZN5SRF0816measurementStartEv
 .text._ZN5SRF0810getValueCMEv
                0x00003858       0x30 goldboard/SRF08.o
                0x00003858                _ZN5SRF0810getValueCMEv
 .text._ZN5SRF087setGainEh
                0x00003888       0x10 goldboard/SRF08.o
                0x00003888                _ZN5SRF087setGainEh
 .text._ZN5SRF088setRangeEj
                0x00003898       0x50 goldboard/SRF08.o
                0x00003898                _ZN5SRF088setRangeEj
 .text._ZN5SRF084initEh
                0x000038e8       0x7c goldboard/SRF08.o
                0x000038e8                _ZN5SRF084initEh
 .text.__vector_10
                0x00003964       0x9e goldboard/time.o
                0x00003964                __vector_10
 .text._Z10init_timerv
                0x00003a02       0x24 goldboard/time.o
                0x00003a02                _Z10init_timerv
 .text._Z6millisv
                0x00003a26       0x12 goldboard/time.o
                0x00003a26                _Z6millisv
 .text._Z5delaym
                0x00003a38       0x40 goldboard/time.o
                0x00003a38                _Z5delaym
 .text._Z17delayMicrosecondsj
                0x00003a78       0x14 goldboard/time.o
                0x00003a78                _Z17delayMicrosecondsj
 .text._Z8twi_initv
                0x00003a8c       0x20 goldboard/twi.o
                0x00003a8c                _Z8twi_initv
 .text._Z11twi_disablev
                0x00003aac        0xc goldboard/twi.o
                0x00003aac                _Z11twi_disablev
 .text._Z12twi_readFromhPhhh
                0x00003ab8       0xe6 goldboard/twi.o
                0x00003ab8                _Z12twi_readFromhPhhh
 .text._Z11twi_writeTohPhhhh
                0x00003b9e      0x110 goldboard/twi.o
                0x00003b9e                _Z11twi_writeTohPhhhh
 .text._Z12twi_transmitPKhh
                0x00003cae       0x54 goldboard/twi.o
                0x00003cae                _Z12twi_transmitPKhh
 .text._Z8twi_stopv
                0x00003d02       0x20 goldboard/twi.o
                0x00003d02                _Z8twi_stopv
 .text._Z14twi_releaseBusv
                0x00003d22        0xa goldboard/twi.o
                0x00003d22                _Z14twi_releaseBusv
 .text._Z13twi_self_testv
                0x00003d2c       0xd6 goldboard/twi.o
                0x00003d2c                _Z13twi_self_testv
 .text._Z15twi_resuscitatev
                0x00003e02       0x8a goldboard/twi.o
                0x00003e02                _Z15twi_resuscitatev
 .text.__vector_19
                0x00003e8c      0x21a goldboard/twi.o
                0x00003e8c                __vector_19
 .text.uart_interrupt_hook
                0x000040a6       0x44 goldboard/uart.o
                0x000040a6                uart_interrupt_hook
 .text.__vector_13
                0x000040ea       0x84 goldboard/uart.o
                0x000040ea                __vector_13
 .text.__vector_14
                0x0000416e       0x4a goldboard/uart.o
                0x0000416e                __vector_14
 .text.uart_init
                0x000041b8       0x28 goldboard/uart.o
                0x000041b8                uart_init
 .text.uart_putc
                0x000041e0       0x22 goldboard/uart.o
                0x000041e0                uart_putc
 .text.uart_puts_p
                0x00004202       0x24 goldboard/uart.o
                0x00004202                uart_puts_p
 .text._ZN6usringC2Ev
                0x00004226        0x6 goldboard/usring.o
                0x00004226                _ZN6usringC1Ev
                0x00004226                _ZN6usringC2Ev
 .text._ZN6usring4initEv
                0x0000422c       0x74 goldboard/usring.o
                0x0000422c                _ZN6usring4initEv
 .text._ZN6usring8getValueEv
                0x000042a0       0xb0 goldboard/usring.o
                0x000042a0                _ZN6usring8getValueEv
 .text._ZN6usring14getanalogValueEh
                0x00004350       0x98 goldboard/usring.o
                0x00004350                _ZN6usring14getanalogValueEh
 .text._ZN6usring23setThresholdValueGolbalEh
                0x000043e8       0x48 goldboard/usring.o
                0x000043e8                _ZN6usring23setThresholdValueGolbalEh
 .text._ZN6usring14setFilterValueEh
                0x00004430       0x48 goldboard/usring.o
                0x00004430                _ZN6usring14setFilterValueEh
 .text._ZN7TwoWire5beginEv
                0x00004478       0x16 goldboard/Wire.o
                0x00004478                _ZN7TwoWire5beginEv
 .text._ZN7TwoWire17beginTransmissionEh
                0x0000448e       0x14 goldboard/Wire.o
                0x0000448e                _ZN7TwoWire17beginTransmissionEh
 .text._ZN7TwoWire17beginTransmissionEi
                0x000044a2        0x6 goldboard/Wire.o
                0x000044a2                _ZN7TwoWire17beginTransmissionEi
 .text._ZN7TwoWire15endTransmissionEh
                0x000044a8       0x26 goldboard/Wire.o
                0x000044a8                _ZN7TwoWire15endTransmissionEh
 .text._ZN7TwoWire15endTransmissionEv
                0x000044ce        0x8 goldboard/Wire.o
                0x000044ce                _ZN7TwoWire15endTransmissionEv
 .text._ZN7TwoWire5writeEh
                0x000044d6       0x56 goldboard/Wire.o
                0x000044d6                _ZN7TwoWire5writeEh
 .text._ZN7TwoWire11requestFromEhhmhh
                0x0000452c       0xb0 goldboard/Wire.o
                0x0000452c                _ZN7TwoWire11requestFromEhhmhh
 .text._ZN7TwoWire11requestFromEhhh
                0x000045dc       0x20 goldboard/Wire.o
                0x000045dc                _ZN7TwoWire11requestFromEhhh
 .text._ZN7TwoWire11requestFromEhh
                0x000045fc        0x8 goldboard/Wire.o
                0x000045fc                _ZN7TwoWire11requestFromEhh
 .text._ZN7TwoWire11requestFromEii
                0x00004604        0x8 goldboard/Wire.o
                0x00004604                _ZN7TwoWire11requestFromEii
 .text._ZN7TwoWire5writeEPKhj
                0x0000460c       0x56 goldboard/Wire.o
                0x0000460c                _ZN7TwoWire5writeEPKhj
 .text._ZN7TwoWire9availableEv
                0x00004662       0x10 goldboard/Wire.o
                0x00004662                _ZN7TwoWire9availableEv
 .text._ZN7TwoWire4readEv
                0x00004672       0x28 goldboard/Wire.o
                0x00004672                _ZN7TwoWire4readEv
 .text._ZN7TwoWire14isTransmittingEv
                0x0000469a        0x6 goldboard/Wire.o
                0x0000469a                _ZN7TwoWire14isTransmittingEv
 .text._ZN7TwoWire8selfTestEv
                0x000046a0        0x6 goldboard/Wire.o
                0x000046a0                _ZN7TwoWire8selfTestEv
 .text._ZN7TwoWire14resuscitateBusEv
                0x000046a6        0x6 goldboard/Wire.o
                0x000046a6                _ZN7TwoWire14resuscitateBusEv
 .text._Z12reset_valuesv
                0x000046ac       0x90 main.o
                0x000046ac                _Z12reset_valuesv
 .text.main     0x0000473c       0x82 main.o
                0x0000473c                main
 .text._GLOBAL__sub_I_gb
                0x000047be       0x54 main.o
 .text._GLOBAL__sub_D_gb
                0x00004812        0xe main.o
 .text._Z6fahreniii
                0x00004820      0x1ce Power.o
                0x00004820                _Z6fahreniii
 .text._Z6fahrenii
                0x000049ee      0x1d6 Power.o
                0x000049ee                _Z6fahrenii
 .text._Z6schussv
                0x00004bc4       0x2e Power.o
                0x00004bc4                _Z6schussv
 .text._Z8dribblerb
                0x00004bf2        0xe Power.o
                0x00004bf2                _Z8dribblerb
 .text._Z19bodenlicht_auslesenv
                0x00004c00       0x46 Sensoren.o
                0x00004c00                _Z19bodenlicht_auslesenv
 .text._Z16compass_auslesenv
                0x00004c46       0x68 Sensoren.o
                0x00004c46                _Z16compass_auslesenv
 .text._Z20ultraschall_auslesenv
                0x00004cae       0x58 Sensoren.o
                0x00004cae                _Z20ultraschall_auslesenv
 .text._Z16buttons_auslesenv
                0x00004d06       0xb0 Sensoren.o
                0x00004d06                _Z16buttons_auslesenv
 .text._Z22buttons_auslesen_spielv
                0x00004db6       0x46 Sensoren.o
                0x00004db6                _Z22buttons_auslesen_spielv
 .text._ZN5TPixyI7LinkI2CE8getStartEv
                0x00004dfc       0xfc Sensoren.o
                0x00004dfc                _ZN5TPixyI7LinkI2CE8getStartEv
 .text._ZN5TPixyI7LinkI2CE9getBlocksEj
                0x00004ef8      0x242 Sensoren.o
                0x00004ef8                _ZN5TPixyI7LinkI2CE9getBlocksEj
 .text._Z13pixy_auslesenv
                0x0000513a      0x18e Sensoren.o
                0x0000513a                _Z13pixy_auslesenv
 .text._Z25sensorwerte_aktualisierenv
                0x000052c8       0x60 Sensoren.o
                0x000052c8                _Z25sensorwerte_aktualisierenv
 .text._Z31sensorwerte_aktualisieren_spielv
                0x00005328       0xb2 Sensoren.o
                0x00005328                _Z31sensorwerte_aktualisieren_spielv
 .text.avr-libc.fplib
                0x000053da        0xe c:/program files (x86)/atmel/studio/7.0/toolchain/avr8/avr8-gnu-toolchain/bin/../lib/gcc/avr/4.9.2/../../../../avr/lib/avr5\libm.a(addsf3.o)
                0x000053da                __subsf3
                0x000053dc                __addsf3
 .text.avr-libc.fplib
                0x000053e8       0xcc c:/program files (x86)/atmel/studio/7.0/toolchain/avr8/avr8-gnu-toolchain/bin/../lib/gcc/avr/4.9.2/../../../../avr/lib/avr5\libm.a(addsf3x.o)
                0x0000540a                __addsf3x
 .text.avr-libc.fplib
                0x000054b4        0x8 c:/program files (x86)/atmel/studio/7.0/toolchain/avr8/avr8-gnu-toolchain/bin/../lib/gcc/avr/4.9.2/../../../../avr/lib/avr5\libm.a(divsf3.o)
                0x000054b4                __divsf3
 .text.avr-libc.fplib
                0x000054bc       0xdc c:/program files (x86)/atmel/studio/7.0/toolchain/avr8/avr8-gnu-toolchain/bin/../lib/gcc/avr/4.9.2/../../../../avr/lib/avr5\libm.a(divsf3x.o)
                0x000054dc                __divsf3x
                0x000054e2                __divsf3_pse
 .text.avr-libc.fplib
                0x00005598        0xe c:/program files (x86)/atmel/studio/7.0/toolchain/avr8/avr8-gnu-toolchain/bin/../lib/gcc/avr/4.9.2/../../../../avr/lib/avr5\libm.a(fixsfsi.o)
                0x00005598                __fixsfsi
 .text.avr-libc.fplib
                0x000055a6       0x5e c:/program files (x86)/atmel/studio/7.0/toolchain/avr8/avr8-gnu-toolchain/bin/../lib/gcc/avr/4.9.2/../../../../avr/lib/avr5\libm.a(fixunssfsi.o)
                0x000055a6                __fixunssfsi
 .text.avr-libc.fplib
                0x00005604       0x7a c:/program files (x86)/atmel/studio/7.0/toolchain/avr8/avr8-gnu-toolchain/bin/../lib/gcc/avr/4.9.2/../../../../avr/lib/avr5\libm.a(floatsisf.o)
                0x00005604                __floatunsisf
                0x00005608                __floatsisf
 .text.avr-libc.fplib
                0x0000567e        0xc c:/program files (x86)/atmel/studio/7.0/toolchain/avr8/avr8-gnu-toolchain/bin/../lib/gcc/avr/4.9.2/../../../../avr/lib/avr5\libm.a(fp_inf.o)
                0x0000567e                __fp_inf
 .text.avr-libc.fplib
                0x0000568a        0x6 c:/program files (x86)/atmel/studio/7.0/toolchain/avr8/avr8-gnu-toolchain/bin/../lib/gcc/avr/4.9.2/../../../../avr/lib/avr5\libm.a(fp_nan.o)
                0x0000568a                __fp_nan
 .text.avr-libc.fplib
                0x00005690       0x4e c:/program files (x86)/atmel/studio/7.0/toolchain/avr8/avr8-gnu-toolchain/bin/../lib/gcc/avr/4.9.2/../../../../avr/lib/avr5\libm.a(fp_powser.o)
                0x00005690                __fp_powser
 .text.avr-libc.fplib
                0x000056de        0xe c:/program files (x86)/atmel/studio/7.0/toolchain/avr8/avr8-gnu-toolchain/bin/../lib/gcc/avr/4.9.2/../../../../avr/lib/avr5\libm.a(fp_pscA.o)
                0x000056de                __fp_pscA
 .text.avr-libc.fplib
                0x000056ec        0xe c:/program files (x86)/atmel/studio/7.0/toolchain/avr8/avr8-gnu-toolchain/bin/../lib/gcc/avr/4.9.2/../../../../avr/lib/avr5\libm.a(fp_pscB.o)
                0x000056ec                __fp_pscB
 .text.avr-libc.fplib
                0x000056fa       0x22 c:/program files (x86)/atmel/studio/7.0/toolchain/avr8/avr8-gnu-toolchain/bin/../lib/gcc/avr/4.9.2/../../../../avr/lib/avr5\libm.a(fp_round.o)
                0x000056fa                __fp_round
 .text.avr-libc.fplib
                0x0000571c       0x44 c:/program files (x86)/atmel/studio/7.0/toolchain/avr8/avr8-gnu-toolchain/bin/../lib/gcc/avr/4.9.2/../../../../avr/lib/avr5\libm.a(fp_split3.o)
                0x0000571c                __fp_split3
                0x0000572c                __fp_splitA
 .text.avr-libc.fplib
                0x00005760        0xe c:/program files (x86)/atmel/studio/7.0/toolchain/avr8/avr8-gnu-toolchain/bin/../lib/gcc/avr/4.9.2/../../../../avr/lib/avr5\libm.a(fp_zero.o)
                0x00005760                __fp_zero
                0x00005762                __fp_szero
 .text.avr-libc.fplib
                0x0000576e        0x8 c:/program files (x86)/atmel/studio/7.0/toolchain/avr8/avr8-gnu-toolchain/bin/../lib/gcc/avr/4.9.2/../../../../avr/lib/avr5\libm.a(mulsf3.o)
                0x0000576e                __mulsf3
 .text.avr-libc.fplib
                0x00005776       0xd2 c:/program files (x86)/atmel/studio/7.0/toolchain/avr8/avr8-gnu-toolchain/bin/../lib/gcc/avr/4.9.2/../../../../avr/lib/avr5\libm.a(mulsf3x.o)
                0x00005794                __mulsf3x
                0x0000579a                __mulsf3_pse
 .text.avr-libc.fplib
                0x00005848       0x10 c:/program files (x86)/atmel/studio/7.0/toolchain/avr8/avr8-gnu-toolchain/bin/../lib/gcc/avr/4.9.2/../../../../avr/lib/avr5\libm.a(sin.o)
                0x00005848                sin
 .text.avr-libc.fplib
                0x00005858       0x1c c:/program files (x86)/atmel/studio/7.0/toolchain/avr8/avr8-gnu-toolchain/bin/../lib/gcc/avr/4.9.2/../../../../avr/lib/avr5\libm.a(fp_mpack.o)
                0x00005858                __fp_mpack
                0x0000585c                __fp_mpack_finite
 .text.avr-libc.fplib
                0x00005874       0x56 c:/program files (x86)/atmel/studio/7.0/toolchain/avr8/avr8-gnu-toolchain/bin/../lib/gcc/avr/4.9.2/../../../../avr/lib/avr5\libm.a(fp_rempio2.o)
                0x00005878                __fp_rempio2
 .text.avr-libc.fplib
                0x000058ca       0x28 c:/program files (x86)/atmel/studio/7.0/toolchain/avr8/avr8-gnu-toolchain/bin/../lib/gcc/avr/4.9.2/../../../../avr/lib/avr5\libm.a(fp_sinus.o)
                0x000058ca                __fp_sinus
 .text.avr-libc.fplib
                0x000058f2       0x28 c:/program files (x86)/atmel/studio/7.0/toolchain/avr8/avr8-gnu-toolchain/bin/../lib/gcc/avr/4.9.2/../../../../avr/lib/avr5\libm.a(fp_powsodd.o)
                0x000058f2                __fp_powsodd
 .text.libgcc.div
                0x0000591a       0x28 c:/program files (x86)/atmel/studio/7.0/toolchain/avr8/avr8-gnu-toolchain/bin/../lib/gcc/avr/4.9.2/avr5\libgcc.a(_udivmodhi4.o)
                0x0000591a                __udivmodhi4
 .text.libgcc.div
                0x00005942       0x28 c:/program files (x86)/atmel/studio/7.0/toolchain/avr8/avr8-gnu-toolchain/bin/../lib/gcc/avr/4.9.2/avr5\libgcc.a(_divmodhi4.o)
                0x00005942                _div
                0x00005942                __divmodhi4
 .text.libgcc.div
                0x0000596a       0x44 c:/program files (x86)/atmel/studio/7.0/toolchain/avr8/avr8-gnu-toolchain/bin/../lib/gcc/avr/4.9.2/avr5\libgcc.a(_udivmodsi4.o)
                0x0000596a                __udivmodsi4
 .text.libgcc   0x000059ae        0xc c:/program files (x86)/atmel/studio/7.0/toolchain/avr8/avr8-gnu-toolchain/bin/../lib/gcc/avr/4.9.2/avr5\libgcc.a(_tablejump2.o)
                0x000059ae                __tablejump2__
 .text.libgcc.mul
                0x000059ba       0x1e c:/program files (x86)/atmel/studio/7.0/toolchain/avr8/avr8-gnu-toolchain/bin/../lib/gcc/avr/4.9.2/avr5\libgcc.a(_umulhisi3.o)
                0x000059ba                __umulhisi3
 .text.avr-libc
                0x000059d8      0x25a c:/program files (x86)/atmel/studio/7.0/toolchain/avr8/avr8-gnu-toolchain/bin/../lib/gcc/avr/4.9.2/../../../../avr/lib/avr5\libc.a(malloc.o)
                0x000059d8                malloc
                0x00005b02                free
 .text.avr-libc
                0x00005c32      0x194 c:/program files (x86)/atmel/studio/7.0/toolchain/avr8/avr8-gnu-toolchain/bin/../lib/gcc/avr/4.9.2/../../../../avr/lib/avr5\libc.a(realloc.o)
                0x00005c32                realloc
 .text.avr-libc
                0x00005dc6       0x12 c:/program files (x86)/atmel/studio/7.0/toolchain/avr8/avr8-gnu-toolchain/bin/../lib/gcc/avr/4.9.2/../../../../avr/lib/avr5\libc.a(memcpy.o)
                0x00005dc6                memcpy
 .text.libgcc.prologue
                0x00005dd8       0x38 c:/program files (x86)/atmel/studio/7.0/toolchain/avr8/avr8-gnu-toolchain/bin/../lib/gcc/avr/4.9.2/avr5\libgcc.a(_prologue.o)
                0x00005dd8                __prologue_saves__
 .text.libgcc.prologue
                0x00005e10       0x36 c:/program files (x86)/atmel/studio/7.0/toolchain/avr8/avr8-gnu-toolchain/bin/../lib/gcc/avr/4.9.2/avr5\libgcc.a(_epilogue.o)
                0x00005e10                __epilogue_restores__
                0x00005e46                . = ALIGN (0x2)
 *(.fini9)
 .fini9         0x00005e46        0x0 c:/program files (x86)/atmel/studio/7.0/toolchain/avr8/avr8-gnu-toolchain/bin/../lib/gcc/avr/4.9.2/avr5\libgcc.a(_exit.o)
                0x00005e46                _exit
                0x00005e46                exit
 *(.fini9)
 *(.fini8)
 *(.fini8)
 *(.fini7)
 *(.fini7)
 *(.fini6)
 .fini6         0x00005e46       0x16 c:/program files (x86)/atmel/studio/7.0/toolchain/avr8/avr8-gnu-toolchain/bin/../lib/gcc/avr/4.9.2/avr5\libgcc.a(_dtors.o)
                0x00005e46                __do_global_dtors
 *(.fini6)
 *(.fini5)
 *(.fini5)
 *(.fini4)
 *(.fini4)
 *(.fini3)
 *(.fini3)
 *(.fini2)
 *(.fini2)
 *(.fini1)
 *(.fini1)
 *(.fini0)
 .fini0         0x00005e5c        0x4 c:/program files (x86)/atmel/studio/7.0/toolchain/avr8/avr8-gnu-toolchain/bin/../lib/gcc/avr/4.9.2/avr5\libgcc.a(_exit.o)
 *(.fini0)
                0x00005e60                _etext = .

.data           0x00800060      0x186 load address 0x00005e60
                0x00800060                PROVIDE (__data_start, .)
 *(.data)
 .data          0x00800060        0x6 c:/program files (x86)/atmel/studio/7.0/toolchain/avr8/avr8-gnu-toolchain/bin/../lib/gcc/avr/4.9.2/../../../../avr/lib/avr5\libc.a(malloc.o)
                0x00800060                __malloc_heap_end
                0x00800062                __malloc_heap_start
                0x00800064                __malloc_margin
 *(.data*)
 .data.speed_lcd
                0x00800066        0x2 Displaysteuerung.o
                0x00800066                speed_lcd
 .data._ZZ10initMotorsP8PCF8574AE12initOnlyOnce
                0x00800068        0x1 goldboard/Motor.o
 .data.acceleration
                0x00800069        0x1 goldboard/Motor.o
                0x00800069                acceleration
 .data.loadingMask
                0x0080006a        0x2 goldboard/pwm.o
                0x0080006a                loadingMask
 .data.workingMask
                0x0080006c        0x2 goldboard/pwm.o
                0x0080006c                workingMask
 .data.loadingOCR
                0x0080006e        0x2 goldboard/pwm.o
                0x0080006e                loadingOCR
 .data.workingOCR
                0x00800070        0x2 goldboard/pwm.o
                0x00800070                workingOCR
 .data.schussstaerke
                0x00800072        0x2 Variablen.o
                0x00800072                schussstaerke
 .data.aktuelles_menue
                0x00800074        0x2 Variablen.o
                0x00800074                aktuelles_menue
 .data.drall_faktor
                0x00800076        0x4 Variablen.o
                0x00800076                drall_faktor
 *(.rodata)
 *(.rodata*)
 .rodata.str1.1
                0x0080007a      0x134 Displaysteuerung.o
                                0x136 (size before relaxing)
 .rodata.str1.1
                0x008001ae        0xe goldboard/CMPS11.o
 .rodata.str1.1
                0x008001bc        0xf goldboard/Print.o
 .rodata._ZTV11SerialPrint
                0x008001cb        0xc goldboard/SerialPrint.o
                0x008001cb                _ZTV11SerialPrint
 .rodata.str1.1
                0x008001d7        0xe main.o
 *(.gnu.linkonce.d*)
                0x008001e6                . = ALIGN (0x2)
 *fill*         0x008001e5        0x1 
                0x008001e6                _edata = .
                0x008001e6                PROVIDE (__data_end, .)

.bss            0x008001e6      0x308
                0x008001e6                PROVIDE (__bss_start, .)
 *(.bss)
 *(.bss*)
 .bss.letztes_menue
                0x008001e6        0x2 Displaysteuerung.o
                0x008001e6                letztes_menue
 .bss.letzter_cursor
                0x008001e8        0x2 Displaysteuerung.o
                0x008001e8                letzter_cursor
 .bss.dribbler_state
                0x008001ea        0x1 Displaysteuerung.o
                0x008001ea                dribbler_state
 .bss.drall_lcd
                0x008001eb        0x1 Displaysteuerung.o
                0x008001eb                drall_lcd
 .bss.richt_lcd
                0x008001ec        0x2 Displaysteuerung.o
                0x008001ec                richt_lcd
 .bss.cur_y     0x008001ee        0x1 goldboard/Display.o
                0x008001ee                cur_y
 .bss.cur_x     0x008001ef        0x1 goldboard/Display.o
                0x008001ef                cur_x
 .bss._ZZ9pulse_isrvE5index
                0x008001f0        0x1 goldboard/infrared_pulse.o
 .bss.pulseBuffer
                0x008001f1       0xff goldboard/infrared_pulse.o
                0x008001f1                pulseBuffer
 .bss.pwm_change_flag
                0x008002f0        0x1 goldboard/Motor.o
                0x008002f0                pwm_change_flag
 .bss.soll_motor_speed
                0x008002f1        0x8 goldboard/Motor.o
                0x008002f1                soll_motor_speed
 .bss.ist_motor_speed
                0x008002f9        0x8 goldboard/Motor.o
                0x008002f9                ist_motor_speed
 .bss.directionPortexpander
                0x00800301        0x2 goldboard/Motor.o
                0x00800301                directionPortexpander
 .bss._ZZ10__vector_4E9pwm_index
                0x00800303        0x1 goldboard/pwm.o
 .bss.initialized
                0x00800304        0x1 goldboard/pwm.o
                0x00800304                initialized
 .bss.pwm_sync  0x00800305        0x1 goldboard/pwm.o
                0x00800305                pwm_sync
 .bss.maskArray
                0x00800306        0xe goldboard/pwm.o
                0x00800306                maskArray
 .bss.OCRArray  0x00800314        0xe goldboard/pwm.o
                0x00800314                OCRArray
 .bss.sortingPointer
                0x00800322        0x6 goldboard/pwm.o
                0x00800322                sortingPointer
 .bss.dutyCicles
                0x00800328        0x6 goldboard/pwm.o
                0x00800328                dutyCicles
 .bss.serial    0x0080032e        0x5 goldboard/SerialPrint.o
                0x0080032e                serial
 .bss._ZZ10__vector_7E4flag
                0x00800333        0x1 goldboard/servopwm.o
 .bss.servo_value
                0x00800334        0x1 goldboard/servopwm.o
                0x00800334                servo_value
 .bss.servo_pin
                0x00800335        0x1 goldboard/servopwm.o
                0x00800335                servo_pin
 .bss.servo_port_reg
                0x00800336        0x2 goldboard/servopwm.o
                0x00800336                servo_port_reg
 .bss._ZZ11__vector_10E10is_running
                0x00800338        0x1 goldboard/time.o
 .bss._ZZ11__vector_10E2cc
                0x00800339        0x1 goldboard/time.o
 .bss.time_in_ms
                0x0080033a        0x4 goldboard/time.o
                0x0080033a                time_in_ms
 .bss._ZL9twi_error
                0x0080033e        0x1 goldboard/twi.o
 .bss._ZL17twi_rxBufferIndex
                0x0080033f        0x1 goldboard/twi.o
 .bss._ZL12twi_rxBuffer
                0x00800340       0x20 goldboard/twi.o
 .bss._ZL18twi_txBufferLength
                0x00800360        0x1 goldboard/twi.o
 .bss._ZL17twi_txBufferIndex
                0x00800361        0x1 goldboard/twi.o
 .bss._ZL12twi_txBuffer
                0x00800362       0x20 goldboard/twi.o
 .bss._ZL22twi_masterBufferLength
                0x00800382        0x1 goldboard/twi.o
 .bss._ZL21twi_masterBufferIndex
                0x00800383        0x1 goldboard/twi.o
 .bss._ZL16twi_masterBuffer
                0x00800384       0x20 goldboard/twi.o
 .bss._ZL18twi_onSlaveReceive
                0x008003a4        0x2 goldboard/twi.o
 .bss._ZL19twi_onSlaveTransmit
                0x008003a6        0x2 goldboard/twi.o
 .bss._ZL14twi_inRepStart
                0x008003a8        0x1 goldboard/twi.o
 .bss._ZL12twi_sendStop
                0x008003a9        0x1 goldboard/twi.o
 .bss._ZL9twi_slarw
                0x008003aa        0x1 goldboard/twi.o
 .bss._ZL9twi_state
                0x008003ab        0x1 goldboard/twi.o
 .bss.count.1666
                0x008003ac        0x2 goldboard/uart.o
 .bss.UART_LastRxError
                0x008003ae        0x1 goldboard/uart.o
 .bss.UART_RxTail
                0x008003af        0x1 goldboard/uart.o
 .bss.UART_RxHead
                0x008003b0        0x1 goldboard/uart.o
 .bss.UART_TxTail
                0x008003b1        0x1 goldboard/uart.o
 .bss.UART_TxHead
                0x008003b2        0x1 goldboard/uart.o
 .bss.UART_RxBuf
                0x008003b3       0x20 goldboard/uart.o
 .bss.UART_TxBuf
                0x008003d3       0x20 goldboard/uart.o
 .bss.Wire      0x008003f3        0x1 goldboard/Wire.o
                0x008003f3                Wire
 .bss._ZN7TwoWire12transmittingE
                0x008003f4        0x1 goldboard/Wire.o
                0x008003f4                _ZN7TwoWire12transmittingE
 .bss._ZN7TwoWire14txBufferLengthE
                0x008003f5        0x1 goldboard/Wire.o
                0x008003f5                _ZN7TwoWire14txBufferLengthE
 .bss._ZN7TwoWire13txBufferIndexE
                0x008003f6        0x1 goldboard/Wire.o
                0x008003f6                _ZN7TwoWire13txBufferIndexE
 .bss._ZN7TwoWire8txBufferE
                0x008003f7       0x20 goldboard/Wire.o
                0x008003f7                _ZN7TwoWire8txBufferE
 .bss._ZN7TwoWire9txAddressE
                0x00800417        0x1 goldboard/Wire.o
                0x00800417                _ZN7TwoWire9txAddressE
 .bss._ZN7TwoWire14rxBufferLengthE
                0x00800418        0x1 goldboard/Wire.o
                0x00800418                _ZN7TwoWire14rxBufferLengthE
 .bss._ZN7TwoWire13rxBufferIndexE
                0x00800419        0x1 goldboard/Wire.o
                0x00800419                _ZN7TwoWire13rxBufferIndexE
 .bss._ZN7TwoWire8rxBufferE
                0x0080041a       0x20 goldboard/Wire.o
                0x0080041a                _ZN7TwoWire8rxBufferE
 .bss.pixy_tk   0x0080043a        0x9 main.o
                0x0080043a                pixy_tk
 .bss.cmp       0x00800443        0x3 main.o
                0x00800443                cmp
 .bss.taster    0x00800446        0x3 main.o
                0x00800446                taster
 .bss.hinten    0x00800449        0x8 main.o
                0x00800449                hinten
 .bss.us        0x00800451        0x1 main.o
                0x00800451                us
 .bss.gb        0x00800452       0x16 main.o
                0x00800452                gb
 .bss._ZZ6fahreniiiE1m
                0x00800468        0x8 Power.o
 .bss.last_abfrage
                0x00800470        0x4 Sensoren.o
                0x00800470                last_abfrage
 .bss.lichtschranke
                0x00800474        0x2 Variablen.o
                0x00800474                lichtschranke
 .bss.oldbuttons
                0x00800476        0x9 Variablen.o
                0x00800476                oldbuttons
 .bss.buttons   0x0080047f        0x9 Variablen.o
                0x0080047f                buttons
 .bss.ballnah   0x00800488        0x1 Variablen.o
                0x00800488                ballnah
 .bss.ballda    0x00800489        0x1 Variablen.o
                0x00800489                ballda
 .bss.baelle    0x0080048a        0x2 Variablen.o
                0x0080048a                baelle
 .bss.tore      0x0080048c        0x2 Variablen.o
                0x0080048c                tore
 .bss.tor       0x0080048e        0x1 Variablen.o
                0x0080048e                tor
 .bss.tor_y     0x0080048f        0x2 Variablen.o
                0x0080048f                tor_y
 .bss.tor_x     0x00800491        0x2 Variablen.o
                0x00800491                tor_x
 .bss.ball_y_alt
                0x00800493        0x2 Variablen.o
                0x00800493                ball_y_alt
 .bss.ball_y    0x00800495        0x2 Variablen.o
                0x00800495                ball_y
 .bss.ball_x_alt
                0x00800497        0x2 Variablen.o
                0x00800497                ball_x_alt
 .bss.ball_x    0x00800499        0x2 Variablen.o
                0x00800499                ball_x
 .bss.letzte_abfrage
                0x0080049b        0x4 Variablen.o
                0x0080049b                letzte_abfrage
 .bss.pixy_blocks
                0x0080049f        0x2 Variablen.o
                0x0080049f                pixy_blocks
 .bss.ultraschall_hinten
                0x008004a1        0x2 Variablen.o
                0x008004a1                ultraschall_hinten
 .bss.compass_alt
                0x008004a3        0x2 Variablen.o
                0x008004a3                compass_alt
 .bss.compass   0x008004a5        0x2 Variablen.o
                0x008004a5                compass
 .bss.bodenlichtsensor_d
                0x008004a7       0x10 Variablen.o
                0x008004a7                bodenlichtsensor_d
 .bss.bodenlichtsensor
                0x008004b7       0x20 Variablen.o
                0x008004b7                bodenlichtsensor
 .bss.lichtschranke_referenz
                0x008004d7        0x2 Variablen.o
                0x008004d7                lichtschranke_referenz
 .bss.last_compass
                0x008004d9        0x4 Variablen.o
                0x008004d9                last_compass
 .bss.last_ultraschall
                0x008004dd        0x4 Variablen.o
                0x008004dd                last_ultraschall
 .bss.last_cls  0x008004e1        0x4 Variablen.o
                0x008004e1                last_cls
 .bss.cursor    0x008004e5        0x2 Variablen.o
                0x008004e5                cursor
 .bss.last_an   0x008004e7        0x1 Variablen.o
                0x008004e7                last_an
 .bss.an        0x008004e8        0x1 Variablen.o
                0x008004e8                an
 .bss.raus      0x008004e9        0x1 Variablen.o
                0x008004e9                raus
 *(COMMON)
 COMMON         0x008004ea        0x4 c:/program files (x86)/atmel/studio/7.0/toolchain/avr8/avr8-gnu-toolchain/bin/../lib/gcc/avr/4.9.2/../../../../avr/lib/avr5\libc.a(malloc.o)
                0x008004ea                __brkval
                0x008004ec                __flp
                0x008004ee                PROVIDE (__bss_end, .)
                0x00005e60                __data_load_start = LOADADDR (.data)
                0x00005fe6                __data_load_end = (__data_load_start + SIZEOF (.data))

.noinit         0x008004ee        0x0
                [!provide]                PROVIDE (__noinit_start, .)
 *(.noinit*)
                [!provide]                PROVIDE (__noinit_end, .)
                0x008004ee                _end = .
                0x008004ee                PROVIDE (__heap_start, .)

.eeprom         0x00810000        0x0
 *(.eeprom*)
                0x00810000                __eeprom_end = .

.fuse
 *(.fuse)
 *(.lfuse)
 *(.hfuse)
 *(.efuse)

.lock
 *(.lock*)

.signature
 *(.signature*)

.user_signatures
 *(.user_signatures*)

.stab
 *(.stab)

.stabstr
 *(.stabstr)

.stab.excl
 *(.stab.excl)

.stab.exclstr
 *(.stab.exclstr)

.stab.index
 *(.stab.index)

.stab.indexstr
 *(.stab.indexstr)

.comment        0x00000000       0x30
 *(.comment)
 .comment       0x00000000       0x30 Displaysteuerung.o
                                 0x31 (size before relaxing)
 .comment       0x00000030       0x31 goldboard/adc.o
 .comment       0x00000030       0x31 goldboard/CMPS11.o
 .comment       0x00000030       0x31 goldboard/Display.o
 .comment       0x00000030       0x31 goldboard/Goldboard4.o
 .comment       0x00000030       0x31 goldboard/i2c.o
 .comment       0x00000030       0x31 goldboard/infrared_pulse.o
 .comment       0x00000030       0x31 goldboard/LiquidCrystal_I2C.o
 .comment       0x00000030       0x31 goldboard/Motor.o
 .comment       0x00000030       0x31 goldboard/PCF8574A.o
 .comment       0x00000030       0x31 goldboard/Print.o
 .comment       0x00000030       0x31 goldboard/pwm.o
 .comment       0x00000030       0x31 goldboard/SerialPrint.o
 .comment       0x00000030       0x31 goldboard/servopwm.o
 .comment       0x00000030       0x31 goldboard/SRF08.o
 .comment       0x00000030       0x31 goldboard/time.o
 .comment       0x00000030       0x31 goldboard/twi.o
 .comment       0x00000030       0x31 goldboard/uart.o
 .comment       0x00000030       0x31 goldboard/usring.o
 .comment       0x00000030       0x31 goldboard/Wire.o
 .comment       0x00000030       0x31 main.o
 .comment       0x00000030       0x31 Power.o
 .comment       0x00000030       0x31 Sensoren.o
 .comment       0x00000030       0x31 Variablen.o
 .comment       0x00000030       0x31 c:/program files (x86)/atmel/studio/7.0/toolchain/avr8/avr8-gnu-toolchain/bin/../lib/gcc/avr/4.9.2/../../../../avr/lib/avr5\libc.a(malloc.o)
 .comment       0x00000030       0x31 c:/program files (x86)/atmel/studio/7.0/toolchain/avr8/avr8-gnu-toolchain/bin/../lib/gcc/avr/4.9.2/../../../../avr/lib/avr5\libc.a(realloc.o)

.note.gnu.avr.deviceinfo
                0x00000000       0x3c
 .note.gnu.avr.deviceinfo
                0x00000000       0x3c C:/Program Files (x86)/Atmel/Studio/7.0/Packs/atmel/ATmega_DFP/1.1.130/gcc/dev/atmega32/avr5/crtatmega32.o

.note.gnu.build-id
 *(.note.gnu.build-id)

.debug
 *(.debug)

.line
 *(.line)

.debug_srcinfo
 *(.debug_srcinfo)

.debug_sfnames
 *(.debug_sfnames)

.debug_aranges  0x00000000      0xad8
 *(.debug_aranges)
 .debug_aranges
                0x00000000       0x58 Displaysteuerung.o
 .debug_aranges
                0x00000058       0x30 goldboard/adc.o
 .debug_aranges
                0x00000088       0x60 goldboard/CMPS11.o
 .debug_aranges
                0x000000e8       0x88 goldboard/Display.o
 .debug_aranges
                0x00000170       0x98 goldboard/Goldboard4.o
 .debug_aranges
                0x00000208       0x98 goldboard/i2c.o
 .debug_aranges
                0x000002a0       0x30 goldboard/infrared_pulse.o
 .debug_aranges
                0x000002d0      0x198 goldboard/LiquidCrystal_I2C.o
 .debug_aranges
                0x00000468       0x60 goldboard/Motor.o
 .debug_aranges
                0x000004c8       0x40 goldboard/PCF8574A.o
 .debug_aranges
                0x00000508       0xf8 goldboard/Print.o
 .debug_aranges
                0x00000600       0x50 goldboard/pwm.o
 .debug_aranges
                0x00000650       0x48 goldboard/SerialPrint.o
 .debug_aranges
                0x00000698       0x38 goldboard/servopwm.o
 .debug_aranges
                0x000006d0       0x80 goldboard/SRF08.o
 .debug_aranges
                0x00000750       0x40 goldboard/time.o
 .debug_aranges
                0x00000790       0x90 goldboard/twi.o
 .debug_aranges
                0x00000820       0x58 goldboard/uart.o
 .debug_aranges
                0x00000878       0x68 goldboard/usring.o
 .debug_aranges
                0x000008e0       0xf8 goldboard/Wire.o
 .debug_aranges
                0x000009d8       0x38 main.o
 .debug_aranges
                0x00000a10       0x48 Power.o
 .debug_aranges
                0x00000a58       0x68 Sensoren.o
 .debug_aranges
                0x00000ac0       0x18 Variablen.o

.debug_pubnames
 *(.debug_pubnames)

.debug_info     0x00000000    0x176bc
 *(.debug_info .gnu.linkonce.wi.*)
 .debug_info    0x00000000      0x4e6 C:/Program Files (x86)/Atmel/Studio/7.0/Packs/atmel/ATmega_DFP/1.1.130/gcc/dev/atmega32/avr5/crtatmega32.o
 .debug_info    0x000004e6     0x39ad Displaysteuerung.o
 .debug_info    0x00003e93      0x153 goldboard/adc.o
 .debug_info    0x00003fe6     0x11a4 goldboard/CMPS11.o
 .debug_info    0x0000518a      0xa6b goldboard/Display.o
 .debug_info    0x00005bf5     0x1772 goldboard/Goldboard4.o
 .debug_info    0x00007367      0x799 goldboard/i2c.o
 .debug_info    0x00007b00      0x175 goldboard/infrared_pulse.o
 .debug_info    0x00007c75     0x225d goldboard/LiquidCrystal_I2C.o
 .debug_info    0x00009ed2     0x103c goldboard/Motor.o
 .debug_info    0x0000af0e      0x983 goldboard/PCF8574A.o
 .debug_info    0x0000b891     0x2683 goldboard/Print.o
 .debug_info    0x0000df14      0x40e goldboard/pwm.o
 .debug_info    0x0000e322      0x3ae goldboard/SerialPrint.o
 .debug_info    0x0000e6d0      0x24c goldboard/servopwm.o
 .debug_info    0x0000e91c     0x117a goldboard/SRF08.o
 .debug_info    0x0000fa96      0x1e5 goldboard/time.o
 .debug_info    0x0000fc7b      0x811 goldboard/twi.o
 .debug_info    0x0001048c      0x378 goldboard/uart.o
 .debug_info    0x00010804      0xf72 goldboard/usring.o
 .debug_info    0x00011776     0x1102 goldboard/Wire.o
 .debug_info    0x00012878     0x1965 main.o
 .debug_info    0x000141dd      0xfac Power.o
 .debug_info    0x00015189     0x1c6f Sensoren.o
 .debug_info    0x00016df8      0x8c4 Variablen.o

.debug_abbrev   0x00000000     0x4171
 *(.debug_abbrev)
 .debug_abbrev  0x00000000      0x4a3 C:/Program Files (x86)/Atmel/Studio/7.0/Packs/atmel/ATmega_DFP/1.1.130/gcc/dev/atmega32/avr5/crtatmega32.o
 .debug_abbrev  0x000004a3      0x30c Displaysteuerung.o
 .debug_abbrev  0x000007af       0xd6 goldboard/adc.o
 .debug_abbrev  0x00000885      0x2e6 goldboard/CMPS11.o
 .debug_abbrev  0x00000b6b      0x188 goldboard/Display.o
 .debug_abbrev  0x00000cf3      0x3a5 goldboard/Goldboard4.o
 .debug_abbrev  0x00001098      0x231 goldboard/i2c.o
 .debug_abbrev  0x000012c9       0xe7 goldboard/infrared_pulse.o
 .debug_abbrev  0x000013b0      0x44a goldboard/LiquidCrystal_I2C.o
 .debug_abbrev  0x000017fa      0x35d goldboard/Motor.o
 .debug_abbrev  0x00001b57      0x25e goldboard/PCF8574A.o
 .debug_abbrev  0x00001db5      0x3c6 goldboard/Print.o
 .debug_abbrev  0x0000217b      0x190 goldboard/pwm.o
 .debug_abbrev  0x0000230b      0x22c goldboard/SerialPrint.o
 .debug_abbrev  0x00002537      0x120 goldboard/servopwm.o
 .debug_abbrev  0x00002657      0x30f goldboard/SRF08.o
 .debug_abbrev  0x00002966      0x165 goldboard/time.o
 .debug_abbrev  0x00002acb      0x29b goldboard/twi.o
 .debug_abbrev  0x00002d66      0x193 goldboard/uart.o
 .debug_abbrev  0x00002ef9      0x276 goldboard/usring.o
 .debug_abbrev  0x0000316f      0x336 goldboard/Wire.o
 .debug_abbrev  0x000034a5      0x458 main.o
 .debug_abbrev  0x000038fd      0x2df Power.o
 .debug_abbrev  0x00003bdc      0x428 Sensoren.o
 .debug_abbrev  0x00004004      0x16d Variablen.o

.debug_line     0x00000000     0x6950
 *(.debug_line .debug_line.* .debug_line_end)
 .debug_line    0x00000000      0x115 C:/Program Files (x86)/Atmel/Studio/7.0/Packs/atmel/ATmega_DFP/1.1.130/gcc/dev/atmega32/avr5/crtatmega32.o
 .debug_line    0x00000115      0xda1 Displaysteuerung.o
 .debug_line    0x00000eb6       0xfe goldboard/adc.o
 .debug_line    0x00000fb4      0x3c1 goldboard/CMPS11.o
 .debug_line    0x00001375      0x491 goldboard/Display.o
 .debug_line    0x00001806      0x74f goldboard/Goldboard4.o
 .debug_line    0x00001f55      0x499 goldboard/i2c.o
 .debug_line    0x000023ee      0x165 goldboard/infrared_pulse.o
 .debug_line    0x00002553      0x825 goldboard/LiquidCrystal_I2C.o
 .debug_line    0x00002d78      0x492 goldboard/Motor.o
 .debug_line    0x0000320a      0x220 goldboard/PCF8574A.o
 .debug_line    0x0000342a      0x6aa goldboard/Print.o
 .debug_line    0x00003ad4      0x315 goldboard/pwm.o
 .debug_line    0x00003de9      0x1e3 goldboard/SerialPrint.o
 .debug_line    0x00003fcc      0x163 goldboard/servopwm.o
 .debug_line    0x0000412f      0x49c goldboard/SRF08.o
 .debug_line    0x000045cb      0x1b0 goldboard/time.o
 .debug_line    0x0000477b      0x7e7 goldboard/twi.o
 .debug_line    0x00004f62      0x28c goldboard/uart.o
 .debug_line    0x000051ee      0x396 goldboard/usring.o
 .debug_line    0x00005584      0x534 goldboard/Wire.o
 .debug_line    0x00005ab8      0x369 main.o
 .debug_line    0x00005e21      0x301 Power.o
 .debug_line    0x00006122      0x70a Sensoren.o
 .debug_line    0x0000682c      0x124 Variablen.o

.debug_frame    0x00000000     0x1e1c
 *(.debug_frame)
 .debug_frame   0x00000000       0xbc Displaysteuerung.o
 .debug_frame   0x000000bc       0x44 goldboard/adc.o
 .debug_frame   0x00000100      0x114 goldboard/CMPS11.o
 .debug_frame   0x00000214      0x154 goldboard/Display.o
 .debug_frame   0x00000368      0x1ac goldboard/Goldboard4.o
 .debug_frame   0x00000514      0x1d8 goldboard/i2c.o
 .debug_frame   0x000006ec       0x44 goldboard/infrared_pulse.o
 .debug_frame   0x00000730      0x3cc goldboard/LiquidCrystal_I2C.o
 .debug_frame   0x00000afc       0xcc goldboard/Motor.o
 .debug_frame   0x00000bc8       0x7c goldboard/PCF8574A.o
 .debug_frame   0x00000c44      0x3ac goldboard/Print.o
 .debug_frame   0x00000ff0      0x110 goldboard/pwm.o
 .debug_frame   0x00001100       0x74 goldboard/SerialPrint.o
 .debug_frame   0x00001174       0x7c goldboard/servopwm.o
 .debug_frame   0x000011f0      0x1b0 goldboard/SRF08.o
 .debug_frame   0x000013a0       0xb8 goldboard/time.o
 .debug_frame   0x00001458      0x184 goldboard/twi.o
 .debug_frame   0x000015dc      0x11c goldboard/uart.o
 .debug_frame   0x000016f8      0x14c goldboard/usring.o
 .debug_frame   0x00001844      0x284 goldboard/Wire.o
 .debug_frame   0x00001ac8       0x60 main.o
 .debug_frame   0x00001b28      0x12c Power.o
 .debug_frame   0x00001c54      0x1c8 Sensoren.o

.debug_str      0x00000000     0x4089
 *(.debug_str)
 .debug_str     0x00000000      0x196 C:/Program Files (x86)/Atmel/Studio/7.0/Packs/atmel/ATmega_DFP/1.1.130/gcc/dev/atmega32/avr5/crtatmega32.o
 .debug_str     0x00000196      0xfea Displaysteuerung.o
                               0x10be (size before relaxing)
 .debug_str     0x00001180       0x55 goldboard/adc.o
                                0x21c (size before relaxing)
 .debug_str     0x000011d5       0x63 goldboard/CMPS11.o
                                0x8ae (size before relaxing)
 .debug_str     0x00001238      0x1de goldboard/Display.o
                                0x47d (size before relaxing)
 .debug_str     0x00001416      0x151 goldboard/Goldboard4.o
                                0xc0d (size before relaxing)
 .debug_str     0x00001567      0x209 goldboard/i2c.o
                                0x398 (size before relaxing)
 .debug_str     0x00001770       0x59 goldboard/infrared_pulse.o
                                0x25e (size before relaxing)
 .debug_str     0x000017c9      0xab0 goldboard/LiquidCrystal_I2C.o
                               0x11c7 (size before relaxing)
 .debug_str     0x00002279      0x137 goldboard/Motor.o
                                0x98e (size before relaxing)
 .debug_str     0x000023b0       0x36 goldboard/PCF8574A.o
                                0x763 (size before relaxing)
 .debug_str     0x000023e6      0xc45 goldboard/Print.o
                                0xf73 (size before relaxing)
 .debug_str     0x0000302b      0x12d goldboard/pwm.o
                                0x33c (size before relaxing)
 .debug_str     0x00003158       0xcf goldboard/SerialPrint.o
                                0x32c (size before relaxing)
 .debug_str     0x00003227       0x8e goldboard/servopwm.o
                                0x30a (size before relaxing)
 .debug_str     0x000032b5      0x284 goldboard/SRF08.o
                                0x9a1 (size before relaxing)
 .debug_str     0x00003539       0x38 goldboard/time.o
                                0x292 (size before relaxing)
 .debug_str     0x00003571      0x30b goldboard/twi.o
                                0x53b (size before relaxing)
 .debug_str     0x0000387c       0xf0 goldboard/uart.o
                                0x2c7 (size before relaxing)
 .debug_str     0x0000396c       0x27 goldboard/usring.o
                                0x879 (size before relaxing)
 .debug_str     0x00003993      0x15f goldboard/Wire.o
                                0x94a (size before relaxing)
 .debug_str     0x00003af2      0x312 main.o
                               0x1415 (size before relaxing)
 .debug_str     0x00003e04       0x9a Power.o
                                0xbae (size before relaxing)
 .debug_str     0x00003e9e      0x1c6 Sensoren.o
                               0x1598 (size before relaxing)
 .debug_str     0x00004064       0x25 Variablen.o
                                0x80d (size before relaxing)

.debug_loc      0x00000000     0x94c5
 *(.debug_loc)
 .debug_loc     0x00000000       0xb0 Displaysteuerung.o
 .debug_loc     0x000000b0       0x63 goldboard/adc.o
 .debug_loc     0x00000113      0x40c goldboard/CMPS11.o
 .debug_loc     0x0000051f      0x7c0 goldboard/Display.o
 .debug_loc     0x00000cdf      0xbae goldboard/Goldboard4.o
 .debug_loc     0x0000188d      0x954 goldboard/i2c.o
 .debug_loc     0x000021e1       0xe4 goldboard/infrared_pulse.o
 .debug_loc     0x000022c5     0x1331 goldboard/LiquidCrystal_I2C.o
 .debug_loc     0x000035f6      0x611 goldboard/Motor.o
 .debug_loc     0x00003c07      0x13a goldboard/PCF8574A.o
 .debug_loc     0x00003d41     0x1d88 goldboard/Print.o
 .debug_loc     0x00005ac9      0x451 goldboard/pwm.o
 .debug_loc     0x00005f1a       0xbd goldboard/SerialPrint.o
 .debug_loc     0x00005fd7       0xf9 goldboard/servopwm.o
 .debug_loc     0x000060d0      0x757 goldboard/SRF08.o
 .debug_loc     0x00006827      0x122 goldboard/time.o
 .debug_loc     0x00006949      0x8fd goldboard/twi.o
 .debug_loc     0x00007246      0x3b3 goldboard/uart.o
 .debug_loc     0x000075f9      0x621 goldboard/usring.o
 .debug_loc     0x00007c1a      0xb6a goldboard/Wire.o
 .debug_loc     0x00008784       0x2f main.o
 .debug_loc     0x000087b3      0x4dd Power.o
 .debug_loc     0x00008c90      0x835 Sensoren.o

.debug_macinfo
 *(.debug_macinfo)

.debug_weaknames
 *(.debug_weaknames)

.debug_funcnames
 *(.debug_funcnames)

.debug_typenames
 *(.debug_typenames)

.debug_varnames
 *(.debug_varnames)

.debug_pubtypes
 *(.debug_pubtypes)

.debug_ranges   0x00000000      0x9f8
 *(.debug_ranges)
 .debug_ranges  0x00000000       0x48 Displaysteuerung.o
 .debug_ranges  0x00000048       0x20 goldboard/adc.o
 .debug_ranges  0x00000068       0x50 goldboard/CMPS11.o
 .debug_ranges  0x000000b8       0x78 goldboard/Display.o
 .debug_ranges  0x00000130       0x88 goldboard/Goldboard4.o
 .debug_ranges  0x000001b8       0xb8 goldboard/i2c.o
 .debug_ranges  0x00000270       0x38 goldboard/infrared_pulse.o
 .debug_ranges  0x000002a8      0x188 goldboard/LiquidCrystal_I2C.o
 .debug_ranges  0x00000430       0x50 goldboard/Motor.o
 .debug_ranges  0x00000480       0x30 goldboard/PCF8574A.o
 .debug_ranges  0x000004b0      0x100 goldboard/Print.o
 .debug_ranges  0x000005b0       0x70 goldboard/pwm.o
 .debug_ranges  0x00000620       0x38 goldboard/SerialPrint.o
 .debug_ranges  0x00000658       0x28 goldboard/servopwm.o
 .debug_ranges  0x00000680       0x70 goldboard/SRF08.o
 .debug_ranges  0x000006f0       0x30 goldboard/time.o
 .debug_ranges  0x00000720       0x80 goldboard/twi.o
 .debug_ranges  0x000007a0       0x60 goldboard/uart.o
 .debug_ranges  0x00000800       0x58 goldboard/usring.o
 .debug_ranges  0x00000858       0xe8 goldboard/Wire.o
 .debug_ranges  0x00000940       0x28 main.o
 .debug_ranges  0x00000968       0x38 Power.o
 .debug_ranges  0x000009a0       0x58 Sensoren.o

.debug_macro
 *(.debug_macro)
OUTPUT(Hauptprogramm.elf elf32-avr)
LOAD linker stubs
