Archive member included to satisfy reference by file (symbol)

c:/program files (x86)/atmel/studio/7.0/toolchain/avr8/avr8-gnu-toolchain/bin/../lib/gcc/avr/4.9.2/../../../../avr/lib/avr5\libm.a(addsf3.o)
                              goldboard/print.o (__subsf3)
c:/program files (x86)/atmel/studio/7.0/toolchain/avr8/avr8-gnu-toolchain/bin/../lib/gcc/avr/4.9.2/../../../../avr/lib/avr5\libm.a(addsf3x.o)
                              c:/program files (x86)/atmel/studio/7.0/toolchain/avr8/avr8-gnu-toolchain/bin/../lib/gcc/avr/4.9.2/../../../../avr/lib/avr5\libm.a(addsf3.o) (__addsf3x)
c:/program files (x86)/atmel/studio/7.0/toolchain/avr8/avr8-gnu-toolchain/bin/../lib/gcc/avr/4.9.2/../../../../avr/lib/avr5\libm.a(cmpsf2.o)
                              goldboard/print.o (__ltsf2)
c:/program files (x86)/atmel/studio/7.0/toolchain/avr8/avr8-gnu-toolchain/bin/../lib/gcc/avr/4.9.2/../../../../avr/lib/avr5\libm.a(divsf3.o)
                              goldboard/print.o (__divsf3)
c:/program files (x86)/atmel/studio/7.0/toolchain/avr8/avr8-gnu-toolchain/bin/../lib/gcc/avr/4.9.2/../../../../avr/lib/avr5\libm.a(divsf3x.o)
                              c:/program files (x86)/atmel/studio/7.0/toolchain/avr8/avr8-gnu-toolchain/bin/../lib/gcc/avr/4.9.2/../../../../avr/lib/avr5\libm.a(divsf3.o) (__divsf3x)
c:/program files (x86)/atmel/studio/7.0/toolchain/avr8/avr8-gnu-toolchain/bin/../lib/gcc/avr/4.9.2/../../../../avr/lib/avr5\libm.a(fixsfsi.o)
                              Power.o (__fixsfsi)
c:/program files (x86)/atmel/studio/7.0/toolchain/avr8/avr8-gnu-toolchain/bin/../lib/gcc/avr/4.9.2/../../../../avr/lib/avr5\libm.a(fixunssfsi.o)
                              goldboard/print.o (__fixunssfsi)
c:/program files (x86)/atmel/studio/7.0/toolchain/avr8/avr8-gnu-toolchain/bin/../lib/gcc/avr/4.9.2/../../../../avr/lib/avr5\libm.a(floatsisf.o)
                              goldboard/print.o (__floatunsisf)
c:/program files (x86)/atmel/studio/7.0/toolchain/avr8/avr8-gnu-toolchain/bin/../lib/gcc/avr/4.9.2/../../../../avr/lib/avr5\libm.a(fp_cmp.o)
                              c:/program files (x86)/atmel/studio/7.0/toolchain/avr8/avr8-gnu-toolchain/bin/../lib/gcc/avr/4.9.2/../../../../avr/lib/avr5\libm.a(cmpsf2.o) (__fp_cmp)
c:/program files (x86)/atmel/studio/7.0/toolchain/avr8/avr8-gnu-toolchain/bin/../lib/gcc/avr/4.9.2/../../../../avr/lib/avr5\libm.a(fp_inf.o)
                              c:/program files (x86)/atmel/studio/7.0/toolchain/avr8/avr8-gnu-toolchain/bin/../lib/gcc/avr/4.9.2/../../../../avr/lib/avr5\libm.a(addsf3x.o) (__fp_inf)
c:/program files (x86)/atmel/studio/7.0/toolchain/avr8/avr8-gnu-toolchain/bin/../lib/gcc/avr/4.9.2/../../../../avr/lib/avr5\libm.a(fp_nan.o)
                              c:/program files (x86)/atmel/studio/7.0/toolchain/avr8/avr8-gnu-toolchain/bin/../lib/gcc/avr/4.9.2/../../../../avr/lib/avr5\libm.a(addsf3x.o) (__fp_nan)
c:/program files (x86)/atmel/studio/7.0/toolchain/avr8/avr8-gnu-toolchain/bin/../lib/gcc/avr/4.9.2/../../../../avr/lib/avr5\libm.a(fp_pscA.o)
                              c:/program files (x86)/atmel/studio/7.0/toolchain/avr8/avr8-gnu-toolchain/bin/../lib/gcc/avr/4.9.2/../../../../avr/lib/avr5\libm.a(addsf3x.o) (__fp_pscA)
c:/program files (x86)/atmel/studio/7.0/toolchain/avr8/avr8-gnu-toolchain/bin/../lib/gcc/avr/4.9.2/../../../../avr/lib/avr5\libm.a(fp_pscB.o)
                              c:/program files (x86)/atmel/studio/7.0/toolchain/avr8/avr8-gnu-toolchain/bin/../lib/gcc/avr/4.9.2/../../../../avr/lib/avr5\libm.a(addsf3x.o) (__fp_pscB)
c:/program files (x86)/atmel/studio/7.0/toolchain/avr8/avr8-gnu-toolchain/bin/../lib/gcc/avr/4.9.2/../../../../avr/lib/avr5\libm.a(fp_round.o)
                              c:/program files (x86)/atmel/studio/7.0/toolchain/avr8/avr8-gnu-toolchain/bin/../lib/gcc/avr/4.9.2/../../../../avr/lib/avr5\libm.a(addsf3.o) (__fp_round)
c:/program files (x86)/atmel/studio/7.0/toolchain/avr8/avr8-gnu-toolchain/bin/../lib/gcc/avr/4.9.2/../../../../avr/lib/avr5\libm.a(fp_split3.o)
                              c:/program files (x86)/atmel/studio/7.0/toolchain/avr8/avr8-gnu-toolchain/bin/../lib/gcc/avr/4.9.2/../../../../avr/lib/avr5\libm.a(addsf3x.o) (__fp_split3)
c:/program files (x86)/atmel/studio/7.0/toolchain/avr8/avr8-gnu-toolchain/bin/../lib/gcc/avr/4.9.2/../../../../avr/lib/avr5\libm.a(fp_zero.o)
                              c:/program files (x86)/atmel/studio/7.0/toolchain/avr8/avr8-gnu-toolchain/bin/../lib/gcc/avr/4.9.2/../../../../avr/lib/avr5\libm.a(addsf3x.o) (__fp_zero)
c:/program files (x86)/atmel/studio/7.0/toolchain/avr8/avr8-gnu-toolchain/bin/../lib/gcc/avr/4.9.2/../../../../avr/lib/avr5\libm.a(gesf2.o)
                              goldboard/print.o (__gtsf2)
c:/program files (x86)/atmel/studio/7.0/toolchain/avr8/avr8-gnu-toolchain/bin/../lib/gcc/avr/4.9.2/../../../../avr/lib/avr5\libm.a(mulsf3.o)
                              goldboard/print.o (__mulsf3)
[...]
Memory Configuration

Name             Origin             Length             Attributes
text             0x00000000         0x00020000         xr
data             0x00800060         0x0000ffa0         rw !x
eeprom           0x00810000         0x00010000         rw !x
fuse             0x00820000         0x00000002         rw !x
lock             0x00830000         0x00000400         rw !x
signature        0x00840000         0x00000400         rw !x
user_signatures  0x00850000         0x00000400         rw !x
*default*        0x00000000         0xffffffff

Linker script and memory map

LOAD C:/Program Files (x86)/Atmel/Studio/7.0/Packs/atmel/ATmega_DFP/1.1.130/gcc/dev/atmega32/avr5/crtatmega32.o
LOAD Ballverfolgung.o
LOAD Displaysteuerung.o
LOAD goldboard/abi.o
LOAD goldboard/adc.o
LOAD goldboard/CMPS03.o
LOAD goldboard/CMPS11.o
LOAD goldboard/Display.o
LOAD goldboard/Goldboard4.o
LOAD goldboard/HC05.o
LOAD goldboard/i2c.o
LOAD goldboard/infrared_pulse.o
LOAD goldboard/lcd.o
LOAD goldboard/LiquidCrystal_I2C.o
LOAD goldboard/Motor.o
LOAD goldboard/PCF8574A.o
LOAD goldboard/print.o
LOAD goldboard/pwm.o
LOAD goldboard/SerialPrint.o
LOAD goldboard/servopwm.o
LOAD goldboard/SonarSRF.o
LOAD goldboard/SonarSRF02.o
LOAD goldboard/SonarSRF08.o
LOAD goldboard/SRF08.o
LOAD goldboard/time.o
LOAD goldboard/twi.o
LOAD goldboard/uart.o
LOAD goldboard/usring.o
LOAD goldboard/VL53L0X.o
LOAD goldboard/Wire.o
LOAD goldboard/WString.o
LOAD Linie.o
LOAD main.o
LOAD Power.o
LOAD Sensoren.o
LOAD Testfunktionen.o
LOAD Variablen.o
START GROUP
LOAD c:/program files (x86)/atmel/studio/7.0/toolchain/avr8/avr8-gnu-toolchain/bin/../lib/gcc/avr/4.9.2/../../../../avr/lib/avr5\libm.a
END GROUP
LOAD c:/program files (x86)/atmel/studio/7.0/toolchain/avr8/avr8-gnu-toolchain/bin/../lib/gcc/avr/4.9.2/avr5\libgcc.a
LOAD c:/program files (x86)/atmel/studio/7.0/toolchain/avr8/avr8-gnu-toolchain/bin/../lib/gcc/avr/4.9.2/../../../../avr/lib/avr5\libm.a
START GROUP
LOAD c:/program files (x86)/atmel/studio/7.0/toolchain/avr8/avr8-gnu-toolchain/bin/../lib/gcc/avr/4.9.2/avr5\libgcc.a
LOAD c:/program files (x86)/atmel/studio/7.0/toolchain/avr8/avr8-gnu-toolchain/bin/../lib/gcc/avr/4.9.2/../../../../avr/lib/avr5\libm.a
LOAD c:/program files (x86)/atmel/studio/7.0/toolchain/avr8/avr8-gnu-toolchain/bin/../lib/gcc/avr/4.9.2/../../../../avr/lib/avr5\libc.a
LOAD C:/Program Files (x86)/Atmel/Studio/7.0/Packs/atmel/ATmega_DFP/1.1.130/gcc/dev/atmega32/avr5\libatmega32.a
END GROUP
                0x00020000                __TEXT_REGION_LENGTH__ = DEFINED (__TEXT_REGION_LENGTH__)?__TEXT_REGION_LENGTH__:0x20000
                0x0000ffa0                __DATA_REGION_LENGTH__ = DEFINED (__DATA_REGION_LENGTH__)?__DATA_REGION_LENGTH__:0xffa0
                0x00010000                __EEPROM_REGION_LENGTH__ = DEFINED (__EEPROM_REGION_LENGTH__)?__EEPROM_REGION_LENGTH__:0x10000
                [0x00000002]                __FUSE_REGION_LENGTH__ = DEFINED (__FUSE_REGION_LENGTH__)?__FUSE_REGION_LENGTH__:0x400
                0x00000400                __LOCK_REGION_LENGTH__ = DEFINED (__LOCK_REGION_LENGTH__)?__LOCK_REGION_LENGTH__:0x400
                0x00000400                __SIGNATURE_REGION_LENGTH__ = DEFINED (__SIGNATURE_REGION_LENGTH__)?__SIGNATURE_REGION_LENGTH__:0x400
                0x00000400                __USER_SIGNATURE_REGION_LENGTH__ = DEFINED (__USER_SIGNATURE_REGION_LENGTH__)?__USER_SIGNATURE_REGION_LENGTH__:0x400

.hash
 *(.hash)

.dynsym
 *(.dynsym)

.dynstr
 *(.dynstr)

.gnu.version
 *(.gnu.version)

.gnu.version_d
 *(.gnu.version_d)

.gnu.version_r
 *(.gnu.version_r)

.rel.init
 *(.rel.init)

.rela.init
 *(.rela.init)

.rel.text
 *(.rel.text)
 *(.rel.text.*)
 *(.rel.gnu.linkonce.t*)

.rela.text
 *(.rela.text)
 *(.rela.text.*)
 *(.rela.gnu.linkonce.t*)

.rel.fini
 *(.rel.fini)

.rela.fini
 *(.rela.fini)

.rel.rodata
 *(.rel.rodata)
 *(.rel.rodata.*)
 *(.rel.gnu.linkonce.r*)

.rela.rodata
 *(.rela.rodata)
 *(.rela.rodata.*)
 *(.rela.gnu.linkonce.r*)

.rel.data
 *(.rel.data)
 *(.rel.data.*)
 *(.rel.gnu.linkonce.d*)

.rela.data
 *(.rela.data)
 *(.rela.data.*)
 *(.rela.gnu.linkonce.d*)

.rel.ctors
 *(.rel.ctors)

.rela.ctors
 *(.rela.ctors)

.rel.dtors
 *(.rel.dtors)

.rela.dtors
 *(.rela.dtors)

.rel.got
 *(.rel.got)

.rela.got
 *(.rela.got)

.rel.bss
 *(.rel.bss)

.rela.bss
 *(.rela.bss)

.rel.plt
 *(.rel.plt)

.rela.plt
 *(.rela.plt)

.text           0x00000000     0x5ff2
 *(.vectors)
 .vectors       0x00000000       0x54 C:/Program Files (x86)/Atmel/Studio/7.0/Packs/atmel/ATmega_DFP/1.1.130/gcc/dev/atmega32/avr5/crtatmega32.o
                0x00000000                __vector_default
                0x00000000                __vectors
 *(.vectors)
 *(.progmem.gcc*)
 .progmem.gcc_sw_table.__vector_19
                0x00000054      0x192 goldboard/twi.o
 .progmem.gcc_fplib
                0x000001e6       0x1e c:/program files (x86)/atmel/studio/7.0/toolchain/avr8/avr8-gnu-toolchain/bin/../lib/gcc/avr/4.9.2/../../../../avr/lib/avr5\libm.a(fp_sinus.o)
                0x00000204                . = ALIGN (0x2)
                0x00000204                __trampolines_start = .
 *(.trampolines)
 .trampolines   0x00000204        0x0 linker stubs
 *(.trampolines*)
                0x00000204                __trampolines_end = .
 *libprintf_flt.a:*(.progmem.data)
 *libc.a:*(.progmem.data)
 *(.progmem*)
 .progmem.data._ZL12error_prefix
                0x00000204        0x9 goldboard/CMPS11.o
 .progmem.data._ZL15progmem_timeout
                0x0000020d        0x8 goldboard/CMPS11.o
 .progmem.data._ZL14progmem_no_ack
                0x00000215        0x7 goldboard/CMPS11.o
 .progmem.data._ZL22progmem_string_lineend
                0x0000021c        0x3 goldboard/CMPS11.o
 .progmem.data._ZL20progmem_string_error
                0x0000021f        0x8 goldboard/CMPS11.o
 .progmem.data._ZZN10Goldboard48selftestEvE3__c_0
                0x00000227       0x22 goldboard/Goldboard4.o
 .progmem.data._ZZN10Goldboard48selftestEvE3__c
                0x00000249       0x22 goldboard/Goldboard4.o
 .progmem.data._ZZN10Goldboard4C4EvE3__c_0
                0x0000026b        0xa goldboard/Goldboard4.o
 .progmem.data._ZZN10Goldboard4C4EvE3__c
                0x00000275        0x8 goldboard/Goldboard4.o
 .progmem.data._ZL22progmem_string_lineend
                0x0000027d        0x3 goldboard/Goldboard4.o
 .progmem.data._ZL20progmem_string_error
                0x00000280        0x8 goldboard/Goldboard4.o
 .progmem.data._ZZN8PCF8574A5writeEvE3__c
                0x00000288       0x1e goldboard/PCF8574A.o
 .progmem.data._ZZN8PCF8574A4readEvE3__c
                0x000002a6       0x1e goldboard/PCF8574A.o
 .progmem.data._ZL22progmem_string_lineend
                0x000002c4        0x3 goldboard/PCF8574A.o
 .progmem.data._ZL20progmem_string_error
                0x000002c7        0x8 goldboard/PCF8574A.o
 .progmem.data._ZZN5SRF0817_i2cWriteRegisterEhhE3__c
                0x000002cf        0xa goldboard/SRF08.o
 .progmem.data._ZZN5SRF0814measurementGetEvE3__c_0
                0x000002d9        0xc goldboard/SRF08.o
 .progmem.data._ZZN5SRF0814measurementGetEvE3__c
                0x000002e5        0xa goldboard/SRF08.o
 .progmem.data._ZZN5SRF0819measurementCompleteEvE3__c
                0x000002ef        0xc goldboard/SRF08.o
 .progmem.data._ZZN5SRF084initEhE3__c
                0x000002fb        0xb goldboard/SRF08.o
 .progmem.data._ZL22progmem_string_lineend
                0x00000306        0x3 goldboard/SRF08.o
 .progmem.data._ZL20progmem_string_error
                0x00000309        0x8 goldboard/SRF08.o
 .progmem.data._ZL12error_prefix
                0x00000311        0x8 goldboard/usring.o
 .progmem.data._ZL14progmem_no_ack
                0x00000319        0x7 goldboard/usring.o
 .progmem.data._ZL22progmem_string_lineend
                0x00000320        0x3 goldboard/usring.o
 .progmem.data._ZL20progmem_string_error
                0x00000323        0x8 goldboard/usring.o
 .progmem.data._ZZN5TPixyI7LinkI2CE8getStartEvE3__c
                0x0000032b       0x12 Sensoren.o
                0x0000032b                _ZZN5TPixyI7LinkI2CE8getStartEvE3__c
 .progmem.data._ZL22progmem_string_lineend
                0x0000033d        0x3 Sensoren.o
 .progmem.data._ZL20progmem_string_error
                0x00000340        0x8 Sensoren.o
                0x00000348                . = ALIGN (0x2)
 *(.jumptables)
 *(.jumptables*)
 *(.lowtext)
 *(.lowtext*)
                0x00000348                __ctors_start = .
 *(.ctors)
 .ctors         0x00000348        0x2 goldboard/SerialPrint.o
 .ctors         0x0000034a        0x2 main.o
                0x0000034c                __ctors_end = .
                0x0000034c                __dtors_start = .
 *(.dtors)
 .dtors         0x0000034c        0x2 main.o
                0x0000034e                __dtors_end = .
 SORT(*)(.ctors)
 SORT(*)(.dtors)
 *(.init0)
 .init0         0x0000034e        0x0 C:/Program Files (x86)/Atmel/Studio/7.0/Packs/atmel/ATmega_DFP/1.1.130/gcc/dev/atmega32/avr5/crtatmega32.o
                0x0000034e                __init
 *(.init0)
 *(.init1)
 *(.init1)
 *(.init2)
 .init2         0x0000034e        0xc C:/Program Files (x86)/Atmel/Studio/7.0/Packs/atmel/ATmega_DFP/1.1.130/gcc/dev/atmega32/avr5/crtatmega32.o
 *(.init2)
 *(.init3)
 *(.init3)
 *(.init4)
 .init4         0x0000035a       0x16 c:/program files (x86)/atmel/studio/7.0/toolchain/avr8/avr8-gnu-toolchain/bin/../lib/gcc/avr/4.9.2/avr5\libgcc.a(_copy_data.o)
                0x0000035a                __do_copy_data
 .init4         0x00000370       0x10 c:/program files (x86)/atmel/studio/7.0/toolchain/avr8/avr8-gnu-toolchain/bin/../lib/gcc/avr/4.9.2/avr5\libgcc.a(_clear_bss.o)
                0x00000370                __do_clear_bss
 *(.init4)
 *(.init5)
 *(.init5)
 *(.init6)
 .init6         0x00000380       0x16 c:/program files (x86)/atmel/studio/7.0/toolchain/avr8/avr8-gnu-toolchain/bin/../lib/gcc/avr/4.9.2/avr5\libgcc.a(_ctors.o)
                0x00000380                __do_global_ctors
 *(.init6)
 *(.init7)
 *(.init7)
 *(.init8)
 *(.init8)
 *(.init9)
 .init9         0x00000396        0x8 C:/Program Files (x86)/Atmel/Studio/7.0/Packs/atmel/ATmega_DFP/1.1.130/gcc/dev/atmega32/avr5/crtatmega32.o
 *(.init9)
 *(.text)
 .text          0x0000039e        0x4 C:/Program Files (x86)/Atmel/Studio/7.0/Packs/atmel/ATmega_DFP/1.1.130/gcc/dev/atmega32/avr5/crtatmega32.o
                0x0000039e                __vector_1
                0x0000039e                __vector_12
                0x0000039e                __bad_interrupt
                0x0000039e                __vector_6
                0x0000039e                __vector_3
                0x0000039e                __vector_11
                0x0000039e                __vector_17
                0x0000039e                __vector_5
                0x0000039e                __vector_9
                0x0000039e                __vector_2
                0x0000039e                __vector_15
                0x0000039e                __vector_8
                0x0000039e                __vector_16
                0x0000039e                __vector_18
                0x0000039e                __vector_20
                0x000003a2                . = ALIGN (0x2)
 *(.text.*)
 .text._Z18ballfahren_torwartv
                0x000003a2       0x50 Ballverfolgung.o
                0x000003a2                _Z18ballfahren_torwartv
 .text._Z11menue_startv
                0x000003f2      0x140 Displaysteuerung.o
                0x000003f2                _Z11menue_startv
 .text._Z16menue_sensoren_av
                0x00000532      0x1b8 Displaysteuerung.o
                0x00000532                _Z16menue_sensoren_av
 .text._Z16menue_sensoren_bv
                0x000006ea      0x1bc Displaysteuerung.o
                0x000006ea                _Z16menue_sensoren_bv
 .text._Z15menues_sensorenv
                0x000008a6      0xc84 Displaysteuerung.o
                0x000008a6                _Z15menues_sensorenv
 .text._Z16menue_motorboardv
                0x0000152a      0x188 Displaysteuerung.o
                0x0000152a                _Z16menue_motorboardv
 .text._Z13menue_motorenv
                0x000016b2      0x2ce Displaysteuerung.o
                0x000016b2                _Z13menue_motorenv
 .text._Z11menue_powerv
                0x00001980      0x1b2 Displaysteuerung.o
                0x00001980                _Z11menue_powerv
 .text._Z16displaysteuerungv
                0x00001b32       0xb4 Displaysteuerung.o
                0x00001b32                _Z16displaysteuerungv
 .text._Z11menue_pausev
                0x00001be6      0x196 Displaysteuerung.o
                0x00001be6                _Z11menue_pausev
 .text.adc_read
                0x00001d7c       0x16 goldboard/adc.o
                0x00001d7c                adc_read
 .text._ZN6CMPS11C2Ev
                0x00001d92        0xa goldboard/CMPS11.o
                0x00001d92                _ZN6CMPS11C2Ev
                0x00001d92                _ZN6CMPS11C1Ev
 .text._ZN6CMPS118getValueEv
                0x00001d9c       0xfa goldboard/CMPS11.o
                0x00001d9c                _ZN6CMPS118getValueEv
 .text._ZN6CMPS1114setAs128DegreeEv
                0x00001e96       0x74 goldboard/CMPS11.o
                0x00001e96                _ZN6CMPS1114setAs128DegreeEv
 .text._Z11sendCommandh
                0x00001f0a       0xa6 goldboard/Display.o
                0x00001f0a                _Z11sendCommandh
 .text._Z8sendDatah
                0x00001fb0       0xa6 goldboard/Display.o
                0x00001fb0                _Z8sendDatah
 .text._Z4loc8v
                0x00002056       0x34 goldboard/Display.o
                0x00002056                _Z4loc8v
 .text._Z16sendCommand_inith
                0x0000208a       0x52 goldboard/Display.o
                0x0000208a                _Z16sendCommand_inith
 .text._Z7LCDinitv
                0x000020dc       0x80 goldboard/Display.o
                0x000020dc                _Z7LCDinitv
 .text._Z6LCDclsv
                0x0000215c       0x14 goldboard/Display.o
                0x0000215c                _Z6LCDclsv
 .text._Z9LCDlocateii
                0x00002170       0x1a goldboard/Display.o
                0x00002170                _Z9LCDlocateii
 .text._Z7LCDputcc
                0x0000218a       0x32 goldboard/Display.o
                0x0000218a                _Z7LCDputcc
 .text._Z13LCDprint_textPKc
                0x000021bc       0x1e goldboard/Display.o
                0x000021bc                _Z13LCDprint_textPKc
 .text._Z13LCDprint_textiiPKc
                0x000021da       0x1c goldboard/Display.o
                0x000021da                _Z13LCDprint_textiiPKc
 .text._Z12LCDprint_numi
                0x000021f6       0xca goldboard/Display.o
                0x000021f6                _Z12LCDprint_numi
 .text._Z12LCDprint_numiii
                0x000022c0       0x1c goldboard/Display.o
                0x000022c0                _Z12LCDprint_numiii
 .text._ZN10Goldboard46setLedEhb
                0x000022dc       0x3a goldboard/Goldboard4.o
                0x000022dc                _ZN10Goldboard46setLedEhb
 .text._ZN10Goldboard48setPowerEhb
                0x00002316       0x22 goldboard/Goldboard4.o
                0x00002316                _ZN10Goldboard48setPowerEhb
 .text._ZN10Goldboard49getAnalogEh
                0x00002338       0x1c goldboard/Goldboard4.o
                0x00002338                _ZN10Goldboard49getAnalogEh
 .text._ZN10Goldboard410getDigitalEh
                0x00002354      0x13a goldboard/Goldboard4.o
                0x00002354                _ZN10Goldboard410getDigitalEh
 .text._ZN10Goldboard410setDigitalEhb
                0x0000248e      0x106 goldboard/Goldboard4.o
                0x0000248e                _ZN10Goldboard410setDigitalEhb
 .text._ZN10Goldboard48selftestEv
                0x00002594       0x6c goldboard/Goldboard4.o
                0x00002594                _ZN10Goldboard48selftestEv
 .text._ZN10Goldboard4C2Ev
                0x00002600      0x112 goldboard/Goldboard4.o
                0x00002600                _ZN10Goldboard4C2Ev
                0x00002600                _ZN10Goldboard4C1Ev
 .text.i2cWaitForActionFinish
                0x00002712       0x14 goldboard/i2c.o
                0x00002712                i2cWaitForActionFinish
 .text.i2cWaitForSignal
                0x00002726        0xa goldboard/i2c.o
                0x00002726                i2cWaitForSignal
 .text.i2cOpen  0x00002730       0xae goldboard/i2c.o
                0x00002730                i2cOpen
 .text.i2cWriteData
                0x000027de       0x1e goldboard/i2c.o
                0x000027de                i2cWriteData
 .text.i2cWriteToSlave
                0x000027fc       0x64 goldboard/i2c.o
                0x000027fc                i2cWriteToSlave
 .text._Z9pulse_isrv
                0x00002860       0x26 goldboard/infrared_pulse.o
                0x00002860                _Z9pulse_isrv
 .text._Z10pulse_initv
                0x00002886       0x2e goldboard/infrared_pulse.o
                0x00002886                _Z10pulse_initv
 .text._ZN5Print17availableForWriteEv
                0x000028b4        0x6 goldboard/LiquidCrystal_I2C.o
                0x000028b4                _ZN5Print17availableForWriteEv
 .text._ZN5Print5flushEv
                0x000028ba        0x2 goldboard/LiquidCrystal_I2C.o
                0x000028ba                _ZN5Print5flushEv
 .text._Z10initMotorsP8PCF8574A
                0x000028bc       0x1a goldboard/Motor.o
                0x000028bc                _Z10initMotorsP8PCF8574A
 .text._Z9motor_isrv
                0x000028d6      0x3ac goldboard/Motor.o
                0x000028d6                _Z9motor_isrv
 .text._ZN5MotorC2Ev
                0x00002c82        0xa goldboard/Motor.o
                0x00002c82                _ZN5MotorC2Ev
                0x00002c82                _ZN5MotorC1Ev
 .text._ZN5Motor4initEhP8PCF8574A
                0x00002c8c       0x2c goldboard/Motor.o
                0x00002c8c                _ZN5Motor4initEhP8PCF8574A
 .text._ZN5Motor6rotateEi
                0x00002cb8       0x60 goldboard/Motor.o
                0x00002cb8                _ZN5Motor6rotateEi
 .text._ZN8PCF8574AC2Ev
                0x00002d18        0xc goldboard/PCF8574A.o
                0x00002d18                _ZN8PCF8574AC2Ev
                0x00002d18                _ZN8PCF8574AC1Ev
 .text._ZN8PCF8574A4initEh
                0x00002d24        0x6 goldboard/PCF8574A.o
                0x00002d24                _ZN8PCF8574A4initEh
 .text._ZN8PCF8574A6setPinEhb
                0x00002d2a       0x3c goldboard/PCF8574A.o
                0x00002d2a                _ZN8PCF8574A6setPinEhb
 .text._ZN8PCF8574A4readEv
                0x00002d66       0x56 goldboard/PCF8574A.o
                0x00002d66                _ZN8PCF8574A4readEv
 .text._ZN8PCF8574A5writeEv
                0x00002dbc       0x5e goldboard/PCF8574A.o
                0x00002dbc                _ZN8PCF8574A5writeEv
 .text._ZN5Print5writeEPKhj
                0x00002e1a       0x5e goldboard/print.o
                0x00002e1a                _ZN5Print5writeEPKhj
 .text._ZN5Print5printEPKc
                0x00002e78       0x2c goldboard/print.o
                0x00002e78                _ZN5Print5printEPKc
 .text._ZN5Print7printlnEv
                0x00002ea4       0x18 goldboard/print.o
                0x00002ea4                _ZN5Print7printlnEv
 .text._ZN5Print7printlnEPKc
                0x00002ebc       0x24 goldboard/print.o
                0x00002ebc                _ZN5Print7printlnEPKc
 .text.__vector_4
                0x00002ee0      0x132 goldboard/pwm.o
                0x00002ee0                __vector_4
 .text._Z6setPwmhh
                0x00003012       0x10 goldboard/pwm.o
                0x00003012                _Z6setPwmhh
 .text._Z8sortDatav
                0x00003022       0x96 goldboard/pwm.o
                0x00003022                _Z8sortDatav
 .text._Z8copyDatav
                0x000030b8       0x10 goldboard/pwm.o
                0x000030b8                _Z8copyDatav
 .text._Z12calculateOCRv
                0x000030c8       0xea goldboard/pwm.o
                0x000030c8                _Z12calculateOCRv
 .text._Z7initPwmv
                0x000031b2       0x90 goldboard/pwm.o
                0x000031b2                _Z7initPwmv
 .text._Z9updatePwmv
                0x00003242       0x16 goldboard/pwm.o
                0x00003242                _Z9updatePwmv
 .text._ZN11SerialPrint5writeEh
                0x00003258        0xc goldboard/SerialPrint.o
                0x00003258                _ZN11SerialPrint5writeEh
 .text._GLOBAL__sub_I__ZN11SerialPrintC2Ev
                0x00003264       0x14 goldboard/SerialPrint.o
 .text.__vector_7
                0x00003278       0xa8 goldboard/servopwm.o
                0x00003278                __vector_7
 .text._ZN5SRF08C2Ev
                0x00003320       0x14 goldboard/SRF08.o
                0x00003320                _ZN5SRF08C1Ev
                0x00003320                _ZN5SRF08C2Ev
 .text._ZN5SRF088checkACKEv
                0x00003334       0x1e goldboard/SRF08.o
                0x00003334                _ZN5SRF088checkACKEv
 .text._ZN5SRF0819measurementCompleteEv
                0x00003352       0xbe goldboard/SRF08.o
                0x00003352                _ZN5SRF0819measurementCompleteEv
 .text._ZN5SRF0814measurementGetEv
                0x00003410      0x118 goldboard/SRF08.o
                0x00003410                _ZN5SRF0814measurementGetEv
 .text._ZN5SRF0817_i2cWriteRegisterEhh
                0x00003528       0x54 goldboard/SRF08.o
                0x00003528                _ZN5SRF0817_i2cWriteRegisterEhh
 .text._ZN5SRF0816measurementStartEv
                0x0000357c       0x36 goldboard/SRF08.o
                0x0000357c                _ZN5SRF0816measurementStartEv
 .text._ZN5SRF0810getValueCMEv
                0x000035b2       0x30 goldboard/SRF08.o
                0x000035b2                _ZN5SRF0810getValueCMEv
 .text._ZN5SRF087setGainEh
                0x000035e2       0x10 goldboard/SRF08.o
                0x000035e2                _ZN5SRF087setGainEh
 .text._ZN5SRF088setRangeEj
                0x000035f2       0x50 goldboard/SRF08.o
                0x000035f2                _ZN5SRF088setRangeEj
 .text._ZN5SRF084initEh
                0x00003642       0x8e goldboard/SRF08.o
                0x00003642                _ZN5SRF084initEh
 .text.__vector_10
                0x000036d0       0x9e goldboard/time.o
                0x000036d0                __vector_10
 .text._Z10init_timerv
                0x0000376e       0x24 goldboard/time.o
                0x0000376e                _Z10init_timerv
 .text._Z6millisv
                0x00003792       0x12 goldboard/time.o
                0x00003792                _Z6millisv
 .text._Z5delaym
                0x000037a4       0x40 goldboard/time.o
                0x000037a4                _Z5delaym
 .text._Z17delayMicrosecondsj
                0x000037e4       0x14 goldboard/time.o
                0x000037e4                _Z17delayMicrosecondsj
 .text._Z8twi_initv
                0x000037f8       0x20 goldboard/twi.o
                0x000037f8                _Z8twi_initv
 .text._Z11twi_disablev
                0x00003818        0xc goldboard/twi.o
                0x00003818                _Z11twi_disablev
 .text._Z12twi_readFromhPhhh
                0x00003824       0x98 goldboard/twi.o
                0x00003824                _Z12twi_readFromhPhhh
 .text._Z11twi_writeTohPhhhh
                0x000038bc       0xfc goldboard/twi.o
                0x000038bc                _Z11twi_writeTohPhhhh
 .text._Z12twi_transmitPKhh
                0x000039b8       0x54 goldboard/twi.o
                0x000039b8                _Z12twi_transmitPKhh
 .text._Z8twi_stopv
                0x00003a0c       0x10 goldboard/twi.o
                0x00003a0c                _Z8twi_stopv
 .text._Z14twi_releaseBusv
                0x00003a1c        0xa goldboard/twi.o
                0x00003a1c                _Z14twi_releaseBusv
 .text._Z13twi_self_testv
                0x00003a26       0xd6 goldboard/twi.o
                0x00003a26                _Z13twi_self_testv
 .text._Z15twi_resuscitatev
                0x00003afc       0x8a goldboard/twi.o
                0x00003afc                _Z15twi_resuscitatev
 .text.__vector_19
                0x00003b86      0x21a goldboard/twi.o
                0x00003b86                __vector_19
 .text.__vector_13
                0x00003da0       0x58 goldboard/uart.o
                0x00003da0                __vector_13
 .text.__vector_14
                0x00003df8       0x4a goldboard/uart.o
                0x00003df8                __vector_14
 .text.uart_init
                0x00003e42       0x28 goldboard/uart.o
                0x00003e42                uart_init
 .text.uart_putc
                0x00003e6a       0x22 goldboard/uart.o
                0x00003e6a                uart_putc
 .text.uart_puts_p
                0x00003e8c       0x24 goldboard/uart.o
                0x00003e8c                uart_puts_p
 .text._ZN6usringC2Ev
                0x00003eb0        0x6 goldboard/usring.o
                0x00003eb0                _ZN6usringC1Ev
                0x00003eb0                _ZN6usringC2Ev
 .text._ZN6usring4initEv
                0x00003eb6       0x80 goldboard/usring.o
                0x00003eb6                _ZN6usring4initEv
 .text._ZN6usring8getValueEv
                0x00003f36       0xb0 goldboard/usring.o
                0x00003f36                _ZN6usring8getValueEv
 .text._ZN6usring14getanalogValueEh
                0x00003fe6       0x98 goldboard/usring.o
                0x00003fe6                _ZN6usring14getanalogValueEh
 .text._ZN6usring23setThresholdValueGolbalEh
                0x0000407e       0x48 goldboard/usring.o
                0x0000407e                _ZN6usring23setThresholdValueGolbalEh
 .text._ZN7TwoWire5beginEv
                0x000040c6       0x16 goldboard/Wire.o
                0x000040c6                _ZN7TwoWire5beginEv
 .text._ZN7TwoWire17beginTransmissionEh
                0x000040dc       0x14 goldboard/Wire.o
                0x000040dc                _ZN7TwoWire17beginTransmissionEh
 .text._ZN7TwoWire17beginTransmissionEi
                0x000040f0        0x6 goldboard/Wire.o
                0x000040f0                _ZN7TwoWire17beginTransmissionEi
 .text._ZN7TwoWire15endTransmissionEh
                0x000040f6       0x26 goldboard/Wire.o
                0x000040f6                _ZN7TwoWire15endTransmissionEh
 .text._ZN7TwoWire15endTransmissionEv
                0x0000411c        0x8 goldboard/Wire.o
                0x0000411c                _ZN7TwoWire15endTransmissionEv
 .text._ZN7TwoWire5writeEh
                0x00004124       0x56 goldboard/Wire.o
                0x00004124                _ZN7TwoWire5writeEh
 .text._ZN7TwoWire11requestFromEhhmhh
                0x0000417a       0xb0 goldboard/Wire.o
                0x0000417a                _ZN7TwoWire11requestFromEhhmhh
 .text._ZN7TwoWire11requestFromEhhh
                0x0000422a       0x20 goldboard/Wire.o
                0x0000422a                _ZN7TwoWire11requestFromEhhh
 .text._ZN7TwoWire11requestFromEhh
                0x0000424a        0x8 goldboard/Wire.o
                0x0000424a                _ZN7TwoWire11requestFromEhh
 .text._ZN7TwoWire11requestFromEii
                0x00004252        0x8 goldboard/Wire.o
                0x00004252                _ZN7TwoWire11requestFromEii
 .text._ZN7TwoWire5writeEPKhj
                0x0000425a       0x56 goldboard/Wire.o
                0x0000425a                _ZN7TwoWire5writeEPKhj
 .text._ZN7TwoWire9availableEv
                0x000042b0       0x10 goldboard/Wire.o
                0x000042b0                _ZN7TwoWire9availableEv
 .text._ZN7TwoWire4readEv
                0x000042c0       0x28 goldboard/Wire.o
                0x000042c0                _ZN7TwoWire4readEv
 .text._ZN7TwoWire14isTransmittingEv
                0x000042e8        0x6 goldboard/Wire.o
                0x000042e8                _ZN7TwoWire14isTransmittingEv
 .text._ZN7TwoWire8selfTestEv
                0x000042ee        0x6 goldboard/Wire.o
                0x000042ee                _ZN7TwoWire8selfTestEv
 .text._ZN7TwoWire14resuscitateBusEv
                0x000042f4        0x6 goldboard/Wire.o
                0x000042f4                _ZN7TwoWire14resuscitateBusEv
 .text._Z20bodenlicht_auswertenv
                0x000042fa      0x38e Linie.o
                0x000042fa                _Z20bodenlicht_auswertenv
 .text._Z20erster_linienkontaktv
                0x00004688      0x118 Linie.o
                0x00004688                _Z20erster_linienkontaktv
 .text._Z14ecken_erkennenv
                0x000047a0      0x20c Linie.o
                0x000047a0                _Z14ecken_erkennenv
 .text._Z9wegfahrenv
                0x000049ac       0x72 Linie.o
                0x000049ac                _Z9wegfahrenv
 .text._Z12reset_valuesv
                0x00004a1e       0x76 main.o
                0x00004a1e                _Z12reset_valuesv
 .text.main     0x00004a94       0xc4 main.o
                0x00004a94                main
 .text._GLOBAL__sub_I_gb
                0x00004b58       0x54 main.o
 .text._GLOBAL__sub_D_gb
                0x00004bac        0xe main.o
 .text._Z6fahreniii
                0x00004bba      0x1ce Power.o
                0x00004bba                _Z6fahreniii
 .text._Z6fahrenii
                0x00004d88       0x12 Power.o
                0x00004d88                _Z6fahrenii
 .text._Z6schussv
                0x00004d9a       0x2e Power.o
                0x00004d9a                _Z6schussv
 .text._Z8dribblerb
                0x00004dc8        0xe Power.o
                0x00004dc8                _Z8dribblerb
 .text._Z19bodenlicht_auslesenv
                0x00004dd6       0x46 Sensoren.o
                0x00004dd6                _Z19bodenlicht_auslesenv
 .text._Z16compass_auslesenv
                0x00004e1c       0x5e Sensoren.o
                0x00004e1c                _Z16compass_auslesenv
 .text._Z20ultraschall_auslesenv
                0x00004e7a       0x58 Sensoren.o
                0x00004e7a                _Z20ultraschall_auslesenv
 .text._Z16buttons_auslesenv
                0x00004ed2       0xb0 Sensoren.o
                0x00004ed2                _Z16buttons_auslesenv
 .text._Z22buttons_auslesen_spielv
                0x00004f82       0x46 Sensoren.o
                0x00004f82                _Z22buttons_auslesen_spielv
 .text._Z31sensorwerte_aktualisieren_pausev
                0x00004fc8        0xa Sensoren.o
                0x00004fc8                _Z31sensorwerte_aktualisieren_pausev
 .text._ZN5TPixyI7LinkI2CE8getStartEv
                0x00004fd2       0xfc Sensoren.o
                0x00004fd2                _ZN5TPixyI7LinkI2CE8getStartEv
 .text._ZN5TPixyI7LinkI2CE9getBlocksEj
                0x000050ce      0x242 Sensoren.o
                0x000050ce                _ZN5TPixyI7LinkI2CE9getBlocksEj
 .text._Z13pixy_auslesenv
                0x00005310      0x18e Sensoren.o
                0x00005310                _Z13pixy_auslesenv
 .text._Z25sensorwerte_aktualisierenv
                0x0000549e       0x64 Sensoren.o
                0x0000549e                _Z25sensorwerte_aktualisierenv
 .text._Z31sensorwerte_aktualisieren_spielv
                0x00005502       0xae Sensoren.o
                0x00005502                _Z31sensorwerte_aktualisieren_spielv
 .text.avr-libc.fplib
                0x000055b0        0xe c:/program files (x86)/atmel/studio/7.0/toolchain/avr8/avr8-gnu-toolchain/bin/../lib/gcc/avr/4.9.2/../../../../avr/lib/avr5\libm.a(addsf3.o)
                0x000055b0                __subsf3
                0x000055b2                __addsf3
 .text.avr-libc.fplib
                0x000055be       0xcc c:/program files (x86)/atmel/studio/7.0/toolchain/avr8/avr8-gnu-toolchain/bin/../lib/gcc/avr/4.9.2/../../../../avr/lib/avr5\libm.a(addsf3x.o)
                0x000055e0                __addsf3x
 .text.avr-libc.fplib
                0x0000568a        0x8 c:/program files (x86)/atmel/studio/7.0/toolchain/avr8/avr8-gnu-toolchain/bin/../lib/gcc/avr/4.9.2/../../../../avr/lib/avr5\libm.a(divsf3.o)
                0x0000568a                __divsf3
 .text.avr-libc.fplib
                0x00005692       0xdc c:/program files (x86)/atmel/studio/7.0/toolchain/avr8/avr8-gnu-toolchain/bin/../lib/gcc/avr/4.9.2/../../../../avr/lib/avr5\libm.a(divsf3x.o)
                0x000056b2                __divsf3x
                0x000056b8                __divsf3_pse
 .text.avr-libc.fplib
                0x0000576e        0xe c:/program files (x86)/atmel/studio/7.0/toolchain/avr8/avr8-gnu-toolchain/bin/../lib/gcc/avr/4.9.2/../../../../avr/lib/avr5\libm.a(fixsfsi.o)
                0x0000576e                __fixsfsi
 .text.avr-libc.fplib
                0x0000577c       0x5e c:/program files (x86)/atmel/studio/7.0/toolchain/avr8/avr8-gnu-toolchain/bin/../lib/gcc/avr/4.9.2/../../../../avr/lib/avr5\libm.a(fixunssfsi.o)
                0x0000577c                __fixunssfsi
 .text.avr-libc.fplib
                0x000057da       0x7a c:/program files (x86)/atmel/studio/7.0/toolchain/avr8/avr8-gnu-toolchain/bin/../lib/gcc/avr/4.9.2/../../../../avr/lib/avr5\libm.a(floatsisf.o)
                0x000057da                __floatunsisf
                0x000057de                __floatsisf
 .text.avr-libc.fplib
                0x00005854        0xc c:/program files (x86)/atmel/studio/7.0/toolchain/avr8/avr8-gnu-toolchain/bin/../lib/gcc/avr/4.9.2/../../../../avr/lib/avr5\libm.a(fp_inf.o)
                0x00005854                __fp_inf
 .text.avr-libc.fplib
                0x00005860        0x6 c:/program files (x86)/atmel/studio/7.0/toolchain/avr8/avr8-gnu-toolchain/bin/../lib/gcc/avr/4.9.2/../../../../avr/lib/avr5\libm.a(fp_nan.o)
                0x00005860                __fp_nan
 .text.avr-libc.fplib
                0x00005866        0xe c:/program files (x86)/atmel/studio/7.0/toolchain/avr8/avr8-gnu-toolchain/bin/../lib/gcc/avr/4.9.2/../../../../avr/lib/avr5\libm.a(fp_pscA.o)
                0x00005866                __fp_pscA
 .text.avr-libc.fplib
                0x00005874        0xe c:/program files (x86)/atmel/studio/7.0/toolchain/avr8/avr8-gnu-toolchain/bin/../lib/gcc/avr/4.9.2/../../../../avr/lib/avr5\libm.a(fp_pscB.o)
                0x00005874                __fp_pscB
 .text.avr-libc.fplib
                0x00005882       0x22 c:/program files (x86)/atmel/studio/7.0/toolchain/avr8/avr8-gnu-toolchain/bin/../lib/gcc/avr/4.9.2/../../../../avr/lib/avr5\libm.a(fp_round.o)
                0x00005882                __fp_round
 .text.avr-libc.fplib
                0x000058a4       0x44 c:/program files (x86)/atmel/studio/7.0/toolchain/avr8/avr8-gnu-toolchain/bin/../lib/gcc/avr/4.9.2/../../../../avr/lib/avr5\libm.a(fp_split3.o)
                0x000058a4                __fp_split3
                0x000058b4                __fp_splitA
 .text.avr-libc.fplib
                0x000058e8        0xe c:/program files (x86)/atmel/studio/7.0/toolchain/avr8/avr8-gnu-toolchain/bin/../lib/gcc/avr/4.9.2/../../../../avr/lib/avr5\libm.a(fp_zero.o)
                0x000058e8                __fp_zero
                0x000058ea                __fp_szero
 .text.avr-libc.fplib
                0x000058f6        0x8 c:/program files (x86)/atmel/studio/7.0/toolchain/avr8/avr8-gnu-toolchain/bin/../lib/gcc/avr/4.9.2/../../../../avr/lib/avr5\libm.a(mulsf3.o)
                0x000058f6                __mulsf3
 .text.avr-libc.fplib
                0x000058fe       0xd2 c:/program files (x86)/atmel/studio/7.0/toolchain/avr8/avr8-gnu-toolchain/bin/../lib/gcc/avr/4.9.2/../../../../avr/lib/avr5\libm.a(mulsf3x.o)
                0x0000591c                __mulsf3x
                0x00005922                __mulsf3_pse
 .text.avr-libc.fplib
                0x000059d0       0x10 c:/program files (x86)/atmel/studio/7.0/toolchain/avr8/avr8-gnu-toolchain/bin/../lib/gcc/avr/4.9.2/../../../../avr/lib/avr5\libm.a(sin.o)
                0x000059d0                sin
 .text.avr-libc.fplib
                0x000059e0       0x56 c:/program files (x86)/atmel/studio/7.0/toolchain/avr8/avr8-gnu-toolchain/bin/../lib/gcc/avr/4.9.2/../../../../avr/lib/avr5\libm.a(fp_rempio2.o)
                0x000059e4                __fp_rempio2
 .text.avr-libc.fplib
                0x00005a36       0x28 c:/program files (x86)/atmel/studio/7.0/toolchain/avr8/avr8-gnu-toolchain/bin/../lib/gcc/avr/4.9.2/../../../../avr/lib/avr5\libm.a(fp_sinus.o)
                0x00005a36                __fp_sinus
 .text.avr-libc.fplib
                0x00005a5e       0x1c c:/program files (x86)/atmel/studio/7.0/toolchain/avr8/avr8-gnu-toolchain/bin/../lib/gcc/avr/4.9.2/../../../../avr/lib/avr5\libm.a(fp_mpack.o)
                0x00005a5e                __fp_mpack
                0x00005a62                __fp_mpack_finite
 .text.avr-libc.fplib
                0x00005a7a       0x28 c:/program files (x86)/atmel/studio/7.0/toolchain/avr8/avr8-gnu-toolchain/bin/../lib/gcc/avr/4.9.2/../../../../avr/lib/avr5\libm.a(fp_powsodd.o)
                0x00005a7a                __fp_powsodd
 .text.avr-libc.fplib
                0x00005aa2       0x4e c:/program files (x86)/atmel/studio/7.0/toolchain/avr8/avr8-gnu-toolchain/bin/../lib/gcc/avr/4.9.2/../../../../avr/lib/avr5\libm.a(fp_powser.o)
                0x00005aa2                __fp_powser
 .text.libgcc.div
                0x00005af0       0x28 c:/program files (x86)/atmel/studio/7.0/toolchain/avr8/avr8-gnu-toolchain/bin/../lib/gcc/avr/4.9.2/avr5\libgcc.a(_udivmodhi4.o)
                0x00005af0                __udivmodhi4
 .text.libgcc.div
                0x00005b18       0x28 c:/program files (x86)/atmel/studio/7.0/toolchain/avr8/avr8-gnu-toolchain/bin/../lib/gcc/avr/4.9.2/avr5\libgcc.a(_divmodhi4.o)
                0x00005b18                _div
                0x00005b18                __divmodhi4
 .text.libgcc   0x00005b40        0xc c:/program files (x86)/atmel/studio/7.0/toolchain/avr8/avr8-gnu-toolchain/bin/../lib/gcc/avr/4.9.2/avr5\libgcc.a(_tablejump2.o)
                0x00005b40                __tablejump2__
 .text.libgcc.mul
                0x00005b4c       0x1e c:/program files (x86)/atmel/studio/7.0/toolchain/avr8/avr8-gnu-toolchain/bin/../lib/gcc/avr/4.9.2/avr5\libgcc.a(_umulhisi3.o)
                0x00005b4c                __umulhisi3
 .text.avr-libc
                0x00005b6a      0x25a c:/program files (x86)/atmel/studio/7.0/toolchain/avr8/avr8-gnu-toolchain/bin/../lib/gcc/avr/4.9.2/../../../../avr/lib/avr5\libc.a(malloc.o)
                0x00005b6a                malloc
                0x00005c94                free
 .text.avr-libc
                0x00005dc4      0x194 c:/program files (x86)/atmel/studio/7.0/toolchain/avr8/avr8-gnu-toolchain/bin/../lib/gcc/avr/4.9.2/../../../../avr/lib/avr5\libc.a(realloc.o)
                0x00005dc4                realloc
 .text.avr-libc
                0x00005f58       0x12 c:/program files (x86)/atmel/studio/7.0/toolchain/avr8/avr8-gnu-toolchain/bin/../lib/gcc/avr/4.9.2/../../../../avr/lib/avr5\libc.a(memcpy.o)
                0x00005f58                memcpy
 .text.libgcc.prologue
                0x00005f6a       0x38 c:/program files (x86)/atmel/studio/7.0/toolchain/avr8/avr8-gnu-toolchain/bin/../lib/gcc/avr/4.9.2/avr5\libgcc.a(_prologue.o)
                0x00005f6a                __prologue_saves__
 .text.libgcc.prologue
                0x00005fa2       0x36 c:/program files (x86)/atmel/studio/7.0/toolchain/avr8/avr8-gnu-toolchain/bin/../lib/gcc/avr/4.9.2/avr5\libgcc.a(_epilogue.o)
                0x00005fa2                __epilogue_restores__
                0x00005fd8                . = ALIGN (0x2)
 *(.fini9)
 .fini9         0x00005fd8        0x0 c:/program files (x86)/atmel/studio/7.0/toolchain/avr8/avr8-gnu-toolchain/bin/../lib/gcc/avr/4.9.2/avr5\libgcc.a(_exit.o)
                0x00005fd8                _exit
                0x00005fd8                exit
 *(.fini9)
 *(.fini8)
 *(.fini8)
 *(.fini7)
 *(.fini7)
 *(.fini6)
 .fini6         0x00005fd8       0x16 c:/program files (x86)/atmel/studio/7.0/toolchain/avr8/avr8-gnu-toolchain/bin/../lib/gcc/avr/4.9.2/avr5\libgcc.a(_dtors.o)
                0x00005fd8                __do_global_dtors
 *(.fini6)
 *(.fini5)
 *(.fini5)
 *(.fini4)
 *(.fini4)
 *(.fini3)
 *(.fini3)
 *(.fini2)
 *(.fini2)
 *(.fini1)
 *(.fini1)
 *(.fini0)
 .fini0         0x00005fee        0x4 c:/program files (x86)/atmel/studio/7.0/toolchain/avr8/avr8-gnu-toolchain/bin/../lib/gcc/avr/4.9.2/avr5\libgcc.a(_exit.o)
 *(.fini0)
                0x00005ff2                _etext = .

.data           0x00800060      0x19a load address 0x00005ff2
                0x00800060                PROVIDE (__data_start, .)
 *(.data)
 .data          0x00800060        0x6 c:/program files (x86)/atmel/studio/7.0/toolchain/avr8/avr8-gnu-toolchain/bin/../lib/gcc/avr/4.9.2/../../../../avr/lib/avr5\libc.a(malloc.o)
                0x00800060                __malloc_heap_end
                0x00800062                __malloc_heap_start
                0x00800064                __malloc_margin
 *(.data*)
 .data.speed_lcd
                0x00800066        0x2 Displaysteuerung.o
                0x00800066                speed_lcd
 .data._ZZ10initMotorsP8PCF8574AE12initOnlyOnce
                0x00800068        0x1 goldboard/Motor.o
 .data.acceleration
                0x00800069        0x1 goldboard/Motor.o
                0x00800069                acceleration
 .data.loadingMask
                0x0080006a        0x2 goldboard/pwm.o
                0x0080006a                loadingMask
 .data.workingMask
                0x0080006c        0x2 goldboard/pwm.o
                0x0080006c                workingMask
 .data.loadingOCR
                0x0080006e        0x2 goldboard/pwm.o
                0x0080006e                loadingOCR
 .data.workingOCR
                0x00800070        0x2 goldboard/pwm.o
                0x00800070                workingOCR
 .data.richtung
                0x00800072        0x2 Linie.o
                0x00800072                richtung
 .data.schussstaerke
                0x00800074        0x2 Variablen.o
                0x00800074                schussstaerke
 .data.aktuelles_menue
                0x00800076        0x2 Variablen.o
                0x00800076                aktuelles_menue
 *(.rodata)
 *(.rodata*)
 .rodata.str1.1
                0x00800078      0x14a Displaysteuerung.o
                                0x14c (size before relaxing)
 .rodata.str1.1
                0x008001c2        0xe goldboard/CMPS11.o
 .rodata.str1.1
                0x008001d0        0xf goldboard/print.o
 .rodata._ZTV11SerialPrint
                0x008001df        0xc goldboard/SerialPrint.o
                0x008001df                _ZTV11SerialPrint
 .rodata.str1.1
                0x008001eb        0xe main.o
 *(.gnu.linkonce.d*)
                0x008001fa                . = ALIGN (0x2)
 *fill*         0x008001f9        0x1 
                0x008001fa                _edata = .
                0x008001fa                PROVIDE (__data_end, .)

.bss            0x008001fa      0x314
                0x008001fa                PROVIDE (__bss_start, .)
 *(.bss)
 *(.bss*)
 .bss.letztes_menue
                0x008001fa        0x2 Displaysteuerung.o
                0x008001fa                letztes_menue
 .bss.letzter_cursor
                0x008001fc        0x2 Displaysteuerung.o
                0x008001fc                letzter_cursor
 .bss.dribbler_state
                0x008001fe        0x1 Displaysteuerung.o
                0x008001fe                dribbler_state
 .bss.drall_lcd
                0x008001ff        0x1 Displaysteuerung.o
                0x008001ff                drall_lcd
 .bss.richt_lcd
                0x00800200        0x2 Displaysteuerung.o
                0x00800200                richt_lcd
 .bss.cur_y     0x00800202        0x1 goldboard/Display.o
                0x00800202                cur_y
 .bss.cur_x     0x00800203        0x1 goldboard/Display.o
                0x00800203                cur_x
 .bss._ZZ9pulse_isrvE5index
                0x00800204        0x1 goldboard/infrared_pulse.o
 .bss.pulseBuffer
                0x00800205       0xff goldboard/infrared_pulse.o
                0x00800205                pulseBuffer
 .bss.pwm_change_flag
                0x00800304        0x1 goldboard/Motor.o
                0x00800304                pwm_change_flag
 .bss.soll_motor_speed
                0x00800305        0x8 goldboard/Motor.o
                0x00800305                soll_motor_speed
 .bss.ist_motor_speed
                0x0080030d        0x8 goldboard/Motor.o
                0x0080030d                ist_motor_speed
 .bss.directionPortexpander
                0x00800315        0x2 goldboard/Motor.o
                0x00800315                directionPortexpander
 .bss._ZZ10__vector_4E9pwm_index
                0x00800317        0x1 goldboard/pwm.o
 .bss.initialized
                0x00800318        0x1 goldboard/pwm.o
                0x00800318                initialized
 .bss.pwm_sync  0x00800319        0x1 goldboard/pwm.o
                0x00800319                pwm_sync
 .bss.maskArray
                0x0080031a        0xe goldboard/pwm.o
                0x0080031a                maskArray
 .bss.OCRArray  0x00800328        0xe goldboard/pwm.o
                0x00800328                OCRArray
 .bss.sortingPointer
                0x00800336        0x6 goldboard/pwm.o
                0x00800336                sortingPointer
 .bss.dutyCicles
                0x0080033c        0x6 goldboard/pwm.o
                0x0080033c                dutyCicles
 .bss.serial    0x00800342        0x5 goldboard/SerialPrint.o
                0x00800342                serial
 .bss._ZZ10__vector_7E4flag
                0x00800347        0x1 goldboard/servopwm.o
 .bss.servo_value
                0x00800348        0x1 goldboard/servopwm.o
                0x00800348                servo_value
 .bss.servo_pin
                0x00800349        0x1 goldboard/servopwm.o
                0x00800349                servo_pin
 .bss.servo_port_reg
                0x0080034a        0x2 goldboard/servopwm.o
                0x0080034a                servo_port_reg
 .bss._ZZ11__vector_10E10is_running
                0x0080034c        0x1 goldboard/time.o
 .bss._ZZ11__vector_10E2cc
                0x0080034d        0x1 goldboard/time.o
 .bss.time_in_ms
                0x0080034e        0x4 goldboard/time.o
                0x0080034e                time_in_ms
 .bss._ZL9twi_error
                0x00800352        0x1 goldboard/twi.o
 .bss._ZL17twi_rxBufferIndex
                0x00800353        0x1 goldboard/twi.o
 .bss._ZL12twi_rxBuffer
                0x00800354       0x20 goldboard/twi.o
 .bss._ZL18twi_txBufferLength
                0x00800374        0x1 goldboard/twi.o
 .bss._ZL17twi_txBufferIndex
                0x00800375        0x1 goldboard/twi.o
 .bss._ZL12twi_txBuffer
                0x00800376       0x20 goldboard/twi.o
 .bss._ZL22twi_masterBufferLength
                0x00800396        0x1 goldboard/twi.o
 .bss._ZL21twi_masterBufferIndex
                0x00800397        0x1 goldboard/twi.o
 .bss._ZL16twi_masterBuffer
                0x00800398       0x20 goldboard/twi.o
 .bss._ZL18twi_onSlaveReceive
                0x008003b8        0x2 goldboard/twi.o
 .bss._ZL19twi_onSlaveTransmit
                0x008003ba        0x2 goldboard/twi.o
 .bss._ZL14twi_inRepStart
                0x008003bc        0x1 goldboard/twi.o
 .bss._ZL12twi_sendStop
                0x008003bd        0x1 goldboard/twi.o
 .bss._ZL9twi_slarw
                0x008003be        0x1 goldboard/twi.o
 .bss._ZL9twi_state
                0x008003bf        0x1 goldboard/twi.o
 .bss.UART_LastRxError
                0x008003c0        0x1 goldboard/uart.o
 .bss.UART_RxTail
                0x008003c1        0x1 goldboard/uart.o
 .bss.UART_RxHead
                0x008003c2        0x1 goldboard/uart.o
 .bss.UART_TxTail
                0x008003c3        0x1 goldboard/uart.o
 .bss.UART_TxHead
                0x008003c4        0x1 goldboard/uart.o
 .bss.UART_RxBuf
                0x008003c5       0x20 goldboard/uart.o
 .bss.UART_TxBuf
                0x008003e5       0x20 goldboard/uart.o
 .bss.Wire      0x00800405        0x1 goldboard/Wire.o
                0x00800405                Wire
 .bss._ZN7TwoWire12transmittingE
                0x00800406        0x1 goldboard/Wire.o
                0x00800406                _ZN7TwoWire12transmittingE
 .bss._ZN7TwoWire14txBufferLengthE
                0x00800407        0x1 goldboard/Wire.o
                0x00800407                _ZN7TwoWire14txBufferLengthE
 .bss._ZN7TwoWire13txBufferIndexE
                0x00800408        0x1 goldboard/Wire.o
                0x00800408                _ZN7TwoWire13txBufferIndexE
 .bss._ZN7TwoWire8txBufferE
                0x00800409       0x20 goldboard/Wire.o
                0x00800409                _ZN7TwoWire8txBufferE
 .bss._ZN7TwoWire9txAddressE
                0x00800429        0x1 goldboard/Wire.o
                0x00800429                _ZN7TwoWire9txAddressE
 .bss._ZN7TwoWire14rxBufferLengthE
                0x0080042a        0x1 goldboard/Wire.o
                0x0080042a                _ZN7TwoWire14rxBufferLengthE
 .bss._ZN7TwoWire13rxBufferIndexE
                0x0080042b        0x1 goldboard/Wire.o
                0x0080042b                _ZN7TwoWire13rxBufferIndexE
 .bss._ZN7TwoWire8rxBufferE
                0x0080042c       0x20 goldboard/Wire.o
                0x0080042c                _ZN7TwoWire8rxBufferE
 .bss.noline    0x0080044c        0x4 Linie.o
                0x0080044c                noline
 .bss.pos       0x00800450        0x2 Linie.o
                0x00800450                pos
 .bss.pixy_tk   0x00800452        0x9 main.o
                0x00800452                pixy_tk
 .bss.cmp       0x0080045b        0x3 main.o
                0x0080045b                cmp
 .bss.taster    0x0080045e        0x3 main.o
                0x0080045e                taster
 .bss.hinten    0x00800461        0x8 main.o
                0x00800461                hinten
 .bss.us        0x00800469        0x1 main.o
                0x00800469                us
 .bss.gb        0x0080046a       0x16 main.o
                0x0080046a                gb
 .bss._ZZ6fahreniiiE1m
                0x00800480        0x8 Power.o
 .bss.last_abfrage
                0x00800488        0x4 Sensoren.o
                0x00800488                last_abfrage
 .bss.lichtschranke
                0x0080048c        0x2 Variablen.o
                0x0080048c                lichtschranke
 .bss.oldbuttons
                0x0080048e        0x9 Variablen.o
                0x0080048e                oldbuttons
 .bss.buttons   0x00800497        0x9 Variablen.o
                0x00800497                buttons
 .bss.ballnah   0x008004a0        0x1 Variablen.o
                0x008004a0                ballnah
 .bss.ballda    0x008004a1        0x1 Variablen.o
                0x008004a1                ballda
 .bss.baelle    0x008004a2        0x2 Variablen.o
                0x008004a2                baelle
 .bss.tore      0x008004a4        0x2 Variablen.o
                0x008004a4                tore
 .bss.tor       0x008004a6        0x1 Variablen.o
                0x008004a6                tor
 .bss.tor_y     0x008004a7        0x2 Variablen.o
                0x008004a7                tor_y
 .bss.tor_x     0x008004a9        0x2 Variablen.o
                0x008004a9                tor_x
 .bss.ball_y_alt
                0x008004ab        0x2 Variablen.o
                0x008004ab                ball_y_alt
 .bss.ball_y    0x008004ad        0x2 Variablen.o
                0x008004ad                ball_y
 .bss.ball_x_alt
                0x008004af        0x2 Variablen.o
                0x008004af                ball_x_alt
 .bss.ball_x    0x008004b1        0x2 Variablen.o
                0x008004b1                ball_x
 .bss.letzte_abfrage
                0x008004b3        0x4 Variablen.o
                0x008004b3                letzte_abfrage
 .bss.pixy_blocks
                0x008004b7        0x2 Variablen.o
                0x008004b7                pixy_blocks
 .bss.ultraschall_hinten
                0x008004b9        0x2 Variablen.o
                0x008004b9                ultraschall_hinten
 .bss.compass_alt
                0x008004bb        0x2 Variablen.o
                0x008004bb                compass_alt
 .bss.compass   0x008004bd        0x2 Variablen.o
                0x008004bd                compass
 .bss.bodenlichtsensor_abfrage
                0x008004bf        0x8 Variablen.o
                0x008004bf                bodenlichtsensor_abfrage
 .bss.bodenlichtsensor_d
                0x008004c7       0x10 Variablen.o
                0x008004c7                bodenlichtsensor_d
 .bss.bodenlichtsensor
                0x008004d7       0x20 Variablen.o
                0x008004d7                bodenlichtsensor
 .bss.lichtschranke_referenz
                0x008004f7        0x2 Variablen.o
                0x008004f7                lichtschranke_referenz
 .bss.last_compass
                0x008004f9        0x4 Variablen.o
                0x008004f9                last_compass
 .bss.last_ultraschall
                0x008004fd        0x4 Variablen.o
                0x008004fd                last_ultraschall
 .bss.last_cls  0x00800501        0x4 Variablen.o
                0x00800501                last_cls
 .bss.cursor    0x00800505        0x2 Variablen.o
                0x00800505                cursor
 .bss.last_an   0x00800507        0x1 Variablen.o
                0x00800507                last_an
 .bss.an        0x00800508        0x1 Variablen.o
                0x00800508                an
 .bss.raus      0x00800509        0x1 Variablen.o
                0x00800509                raus
 *(COMMON)
 COMMON         0x0080050a        0x4 c:/program files (x86)/atmel/studio/7.0/toolchain/avr8/avr8-gnu-toolchain/bin/../lib/gcc/avr/4.9.2/../../../../avr/lib/avr5\libc.a(malloc.o)
                0x0080050a                __brkval
                0x0080050c                __flp
                0x0080050e                PROVIDE (__bss_end, .)
                0x00005ff2                __data_load_start = LOADADDR (.data)
                0x0000618c                __data_load_end = (__data_load_start + SIZEOF (.data))

.noinit         0x0080050e        0x0
                [!provide]                PROVIDE (__noinit_start, .)
 *(.noinit*)
                [!provide]                PROVIDE (__noinit_end, .)
                0x0080050e                _end = .
                0x0080050e                PROVIDE (__heap_start, .)

.eeprom         0x00810000        0x0
 *(.eeprom*)
                0x00810000                __eeprom_end = .

.fuse
 *(.fuse)
 *(.lfuse)
 *(.hfuse)
 *(.efuse)

.lock
 *(.lock*)

.signature
 *(.signature*)

.user_signatures
 *(.user_signatures*)

.stab
 *(.stab)

.stabstr
 *(.stabstr)

.stab.excl
 *(.stab.excl)

.stab.exclstr
 *(.stab.exclstr)

.stab.index
 *(.stab.index)

.stab.indexstr
 *(.stab.indexstr)

.comment        0x00000000       0x30
 *(.comment)
 .comment       0x00000000       0x30 Ballverfolgung.o
                                 0x31 (size before relaxing)
 .comment       0x00000030       0x31 Displaysteuerung.o
 .comment       0x00000030       0x31 goldboard/adc.o
 .comment       0x00000030       0x31 goldboard/CMPS11.o
 .comment       0x00000030       0x31 goldboard/Display.o
 .comment       0x00000030       0x31 goldboard/Goldboard4.o
 .comment       0x00000030       0x31 goldboard/i2c.o
 .comment       0x00000030       0x31 goldboard/infrared_pulse.o
 .comment       0x00000030       0x31 goldboard/LiquidCrystal_I2C.o
 .comment       0x00000030       0x31 goldboard/Motor.o
 .comment       0x00000030       0x31 goldboard/PCF8574A.o
 .comment       0x00000030       0x31 goldboard/print.o
 .comment       0x00000030       0x31 goldboard/pwm.o
 .comment       0x00000030       0x31 goldboard/SerialPrint.o
 .comment       0x00000030       0x31 goldboard/servopwm.o
 .comment       0x00000030       0x31 goldboard/SRF08.o
 .comment       0x00000030       0x31 goldboard/time.o
 .comment       0x00000030       0x31 goldboard/twi.o
 .comment       0x00000030       0x31 goldboard/uart.o
 .comment       0x00000030       0x31 goldboard/usring.o
 .comment       0x00000030       0x31 goldboard/Wire.o
 .comment       0x00000030       0x31 Linie.o
 .comment       0x00000030       0x31 main.o
 .comment       0x00000030       0x31 Power.o
 .comment       0x00000030       0x31 Sensoren.o
 .comment       0x00000030       0x31 Variablen.o
 .comment       0x00000030       0x31 c:/program files (x86)/atmel/studio/7.0/toolchain/avr8/avr8-gnu-toolchain/bin/../lib/gcc/avr/4.9.2/../../../../avr/lib/avr5\libc.a(malloc.o)
 .comment       0x00000030       0x31 c:/program files (x86)/atmel/studio/7.0/toolchain/avr8/avr8-gnu-toolchain/bin/../lib/gcc/avr/4.9.2/../../../../avr/lib/avr5\libc.a(realloc.o)

.note.gnu.avr.deviceinfo
                0x00000000       0x3c
 .note.gnu.avr.deviceinfo
                0x00000000       0x3c C:/Program Files (x86)/Atmel/Studio/7.0/Packs/atmel/ATmega_DFP/1.1.130/gcc/dev/atmega32/avr5/crtatmega32.o

.note.gnu.build-id
 *(.note.gnu.build-id)

.debug
 *(.debug)

.line
 *(.line)

.debug_srcinfo
 *(.debug_srcinfo)

.debug_sfnames
 *(.debug_sfnames)

.debug_aranges  0x00000000      0xb20
 *(.debug_aranges)
 .debug_aranges
                0x00000000       0x28 Ballverfolgung.o
 .debug_aranges
                0x00000028       0x60 Displaysteuerung.o
 .debug_aranges
                0x00000088       0x30 goldboard/adc.o
 .debug_aranges
                0x000000b8       0x60 goldboard/CMPS11.o
 .debug_aranges
                0x00000118       0x88 goldboard/Display.o
 .debug_aranges
                0x000001a0       0x90 goldboard/Goldboard4.o
 .debug_aranges
                0x00000230       0x98 goldboard/i2c.o
 .debug_aranges
                0x000002c8       0x30 goldboard/infrared_pulse.o
 .debug_aranges
                0x000002f8      0x198 goldboard/LiquidCrystal_I2C.o
 .debug_aranges
                0x00000490       0x60 goldboard/Motor.o
 .debug_aranges
                0x000004f0       0x40 goldboard/PCF8574A.o
 .debug_aranges
                0x00000530       0xf8 goldboard/print.o
 .debug_aranges
                0x00000628       0x50 goldboard/pwm.o
 .debug_aranges
                0x00000678       0x48 goldboard/SerialPrint.o
 .debug_aranges
                0x000006c0       0x38 goldboard/servopwm.o
 .debug_aranges
                0x000006f8       0x80 goldboard/SRF08.o
 .debug_aranges
                0x00000778       0x40 goldboard/time.o
 .debug_aranges
                0x000007b8       0x90 goldboard/twi.o
 .debug_aranges
                0x00000848       0x50 goldboard/uart.o
 .debug_aranges
                0x00000898       0x50 goldboard/usring.o
 .debug_aranges
                0x000008e8       0xf8 goldboard/Wire.o
 .debug_aranges
                0x000009e0       0x38 Linie.o
 .debug_aranges
                0x00000a18       0x38 main.o
 .debug_aranges
                0x00000a50       0x48 Power.o
 .debug_aranges
                0x00000a98       0x70 Sensoren.o
 .debug_aranges
                0x00000b08       0x18 Variablen.o

.debug_pubnames
 *(.debug_pubnames)

.debug_info     0x00000000    0x17f6c
 *(.debug_info .gnu.linkonce.wi.*)
 .debug_info    0x00000000      0x4e6 C:/Program Files (x86)/Atmel/Studio/7.0/Packs/atmel/ATmega_DFP/1.1.130/gcc/dev/atmega32/avr5/crtatmega32.o
 .debug_info    0x000004e6      0x807 Ballverfolgung.o
 .debug_info    0x00000ced     0x34ab Displaysteuerung.o
 .debug_info    0x00004198      0x153 goldboard/adc.o
 .debug_info    0x000042eb     0x11a4 goldboard/CMPS11.o
 .debug_info    0x0000548f      0xa6b goldboard/Display.o
 .debug_info    0x00005efa     0x176c goldboard/Goldboard4.o
 .debug_info    0x00007666      0x799 goldboard/i2c.o
 .debug_info    0x00007dff      0x175 goldboard/infrared_pulse.o
 .debug_info    0x00007f74     0x225d goldboard/LiquidCrystal_I2C.o
 .debug_info    0x0000a1d1     0x103c goldboard/Motor.o
 .debug_info    0x0000b20d      0x983 goldboard/PCF8574A.o
 .debug_info    0x0000bb90     0x2683 goldboard/print.o
 .debug_info    0x0000e213      0x40e goldboard/pwm.o
 .debug_info    0x0000e621      0x3ae goldboard/SerialPrint.o
 .debug_info    0x0000e9cf      0x24c goldboard/servopwm.o
 .debug_info    0x0000ec1b     0x121e goldboard/SRF08.o
 .debug_info    0x0000fe39      0x1e5 goldboard/time.o
 .debug_info    0x0001001e      0x7e2 goldboard/twi.o
 .debug_info    0x00010800      0x2fa goldboard/uart.o
 .debug_info    0x00010afa      0xcf9 goldboard/usring.o
 .debug_info    0x000117f3     0x1102 goldboard/Wire.o
 .debug_info    0x000128f5      0x864 Linie.o
 .debug_info    0x00013159     0x1975 main.o
 .debug_info    0x00014ace      0xf45 Power.o
 .debug_info    0x00015a13     0x1c73 Sensoren.o
 .debug_info    0x00017686      0x8e6 Variablen.o

.debug_abbrev   0x00000000     0x4591
 *(.debug_abbrev)
 .debug_abbrev  0x00000000      0x4a3 C:/Program Files (x86)/Atmel/Studio/7.0/Packs/atmel/ATmega_DFP/1.1.130/gcc/dev/atmega32/avr5/crtatmega32.o
 .debug_abbrev  0x000004a3      0x1f9 Ballverfolgung.o
 .debug_abbrev  0x0000069c      0x2b1 Displaysteuerung.o
 .debug_abbrev  0x0000094d       0xd6 goldboard/adc.o
 .debug_abbrev  0x00000a23      0x2e6 goldboard/CMPS11.o
 .debug_abbrev  0x00000d09      0x188 goldboard/Display.o
 .debug_abbrev  0x00000e91      0x3d2 goldboard/Goldboard4.o
 .debug_abbrev  0x00001263      0x231 goldboard/i2c.o
 .debug_abbrev  0x00001494       0xe7 goldboard/infrared_pulse.o
 .debug_abbrev  0x0000157b      0x44a goldboard/LiquidCrystal_I2C.o
 .debug_abbrev  0x000019c5      0x35d goldboard/Motor.o
 .debug_abbrev  0x00001d22      0x25e goldboard/PCF8574A.o
 .debug_abbrev  0x00001f80      0x3c6 goldboard/print.o
 .debug_abbrev  0x00002346      0x190 goldboard/pwm.o
 .debug_abbrev  0x000024d6      0x22c goldboard/SerialPrint.o
 .debug_abbrev  0x00002702      0x120 goldboard/servopwm.o
 .debug_abbrev  0x00002822      0x34b goldboard/SRF08.o
 .debug_abbrev  0x00002b6d      0x165 goldboard/time.o
 .debug_abbrev  0x00002cd2      0x2b8 goldboard/twi.o
 .debug_abbrev  0x00002f8a      0x120 goldboard/uart.o
 .debug_abbrev  0x000030aa      0x279 goldboard/usring.o
 .debug_abbrev  0x00003323      0x336 goldboard/Wire.o
 .debug_abbrev  0x00003659      0x24a Linie.o
 .debug_abbrev  0x000038a3      0x458 main.o
 .debug_abbrev  0x00003cfb      0x2ed Power.o
 .debug_abbrev  0x00003fe8      0x43c Sensoren.o
 .debug_abbrev  0x00004424      0x16d Variablen.o

.debug_line     0x00000000     0x7199
 *(.debug_line .debug_line.* .debug_line_end)
 .debug_line    0x00000000      0x115 C:/Program Files (x86)/Atmel/Studio/7.0/Packs/atmel/ATmega_DFP/1.1.130/gcc/dev/atmega32/avr5/crtatmega32.o
 .debug_line    0x00000115      0x1ab Ballverfolgung.o
 .debug_line    0x000002c0      0xe37 Displaysteuerung.o
 .debug_line    0x000010f7       0xfe goldboard/adc.o
 .debug_line    0x000011f5      0x3c1 goldboard/CMPS11.o
 .debug_line    0x000015b6      0x491 goldboard/Display.o
 .debug_line    0x00001a47      0x74f goldboard/Goldboard4.o
 .debug_line    0x00002196      0x499 goldboard/i2c.o
 .debug_line    0x0000262f      0x165 goldboard/infrared_pulse.o
 .debug_line    0x00002794      0x825 goldboard/LiquidCrystal_I2C.o
 .debug_line    0x00002fb9      0x492 goldboard/Motor.o
 .debug_line    0x0000344b      0x220 goldboard/PCF8574A.o
 .debug_line    0x0000366b      0x6aa goldboard/print.o
 .debug_line    0x00003d15      0x315 goldboard/pwm.o
 .debug_line    0x0000402a      0x1e3 goldboard/SerialPrint.o
 .debug_line    0x0000420d      0x163 goldboard/servopwm.o
 .debug_line    0x00004370      0x518 goldboard/SRF08.o
 .debug_line    0x00004888      0x1b0 goldboard/time.o
 .debug_line    0x00004a38      0x7c6 goldboard/twi.o
 .debug_line    0x000051fe      0x234 goldboard/uart.o
 .debug_line    0x00005432      0x2d2 goldboard/usring.o
 .debug_line    0x00005704      0x534 goldboard/Wire.o
 .debug_line    0x00005c38      0x692 Linie.o
 .debug_line    0x000062ca      0x3b4 main.o
 .debug_line    0x0000667e      0x2c5 Power.o
 .debug_line    0x00006943      0x732 Sensoren.o
 .debug_line    0x00007075      0x124 Variablen.o

.debug_frame    0x00000000     0x1dc0
 *(.debug_frame)
 .debug_frame   0x00000000       0x34 Ballverfolgung.o
 .debug_frame   0x00000034       0xcc Displaysteuerung.o
 .debug_frame   0x00000100       0x44 goldboard/adc.o
 .debug_frame   0x00000144      0x114 goldboard/CMPS11.o
 .debug_frame   0x00000258      0x154 goldboard/Display.o
 .debug_frame   0x000003ac      0x180 goldboard/Goldboard4.o
 .debug_frame   0x0000052c      0x1d8 goldboard/i2c.o
 .debug_frame   0x00000704       0x44 goldboard/infrared_pulse.o
 .debug_frame   0x00000748      0x3cc goldboard/LiquidCrystal_I2C.o
 .debug_frame   0x00000b14       0xcc goldboard/Motor.o
 .debug_frame   0x00000be0       0x7c goldboard/PCF8574A.o
 .debug_frame   0x00000c5c      0x3ac goldboard/print.o
 .debug_frame   0x00001008      0x110 goldboard/pwm.o
 .debug_frame   0x00001118       0x74 goldboard/SerialPrint.o
 .debug_frame   0x0000118c       0x7c goldboard/servopwm.o
 .debug_frame   0x00001208      0x1b0 goldboard/SRF08.o
 .debug_frame   0x000013b8       0xb8 goldboard/time.o
 .debug_frame   0x00001470      0x178 goldboard/twi.o
 .debug_frame   0x000015e8       0xe0 goldboard/uart.o
 .debug_frame   0x000016c8       0xe4 goldboard/usring.o
 .debug_frame   0x000017ac      0x284 goldboard/Wire.o
 .debug_frame   0x00001a30       0x74 Linie.o
 .debug_frame   0x00001aa4       0x60 main.o
 .debug_frame   0x00001b04       0xe4 Power.o
 .debug_frame   0x00001be8      0x1d8 Sensoren.o

.debug_str      0x00000000     0x4263
 *(.debug_str)
 .debug_str     0x00000000      0x196 C:/Program Files (x86)/Atmel/Studio/7.0/Packs/atmel/ATmega_DFP/1.1.130/gcc/dev/atmega32/avr5/crtatmega32.o
 .debug_str     0x00000196      0x6c4 Ballverfolgung.o
                                0x75f (size before relaxing)
 .debug_str     0x0000085a      0x499 Displaysteuerung.o
                                0xbb8 (size before relaxing)
 .debug_str     0x00000cf3       0xd4 goldboard/adc.o
                                0x227 (size before relaxing)
 .debug_str     0x00000dc7       0x63 goldboard/CMPS11.o
                                0x8b9 (size before relaxing)
 .debug_str     0x00000e2a      0x1de goldboard/Display.o
                                0x488 (size before relaxing)
 .debug_str     0x00001008      0x4fe goldboard/Goldboard4.o
                                0xc01 (size before relaxing)
 .debug_str     0x00001506      0x209 goldboard/i2c.o
                                0x3a3 (size before relaxing)
 .debug_str     0x0000170f       0x59 goldboard/infrared_pulse.o
                                0x269 (size before relaxing)
 .debug_str     0x00001768      0xab0 goldboard/LiquidCrystal_I2C.o
                               0x11d2 (size before relaxing)
 .debug_str     0x00002218      0x137 goldboard/Motor.o
                                0x999 (size before relaxing)
 .debug_str     0x0000234f       0x36 goldboard/PCF8574A.o
                                0x76e (size before relaxing)
 .debug_str     0x00002385      0xc45 goldboard/print.o
                                0xf7e (size before relaxing)
 .debug_str     0x00002fca      0x12d goldboard/pwm.o
                                0x347 (size before relaxing)
 .debug_str     0x000030f7       0xcf goldboard/SerialPrint.o
                                0x337 (size before relaxing)
 .debug_str     0x000031c6       0x8e goldboard/servopwm.o
                                0x315 (size before relaxing)
 .debug_str     0x00003254      0x2bf goldboard/SRF08.o
                                0x9d7 (size before relaxing)
 .debug_str     0x00003513       0x38 goldboard/time.o
                                0x29d (size before relaxing)
 .debug_str     0x0000354b      0x30b goldboard/twi.o
                                0x546 (size before relaxing)
 .debug_str     0x00003856       0xc6 goldboard/uart.o
                                0x2a2 (size before relaxing)
 .debug_str     0x0000391c      0x160 goldboard/usring.o
                                0x868 (size before relaxing)
 .debug_str     0x00003a7c      0x15f goldboard/Wire.o
                                0x955 (size before relaxing)
 .debug_str     0x00003bdb      0x106 Linie.o
                                0x7f2 (size before relaxing)
 .debug_str     0x00003ce1      0x350 main.o
                               0x14b1 (size before relaxing)
 .debug_str     0x00004031       0x74 Power.o
                                0xb7f (size before relaxing)
 .debug_str     0x000040a5      0x18c Sensoren.o
                               0x15dd (size before relaxing)
 .debug_str     0x00004231       0x32 Variablen.o
                                0x83a (size before relaxing)

.debug_loc      0x00000000     0x8f6a
 *(.debug_loc)
 .debug_loc     0x00000000       0x3d Ballverfolgung.o
 .debug_loc     0x0000003d       0xb0 Displaysteuerung.o
 .debug_loc     0x000000ed       0x63 goldboard/adc.o
 .debug_loc     0x00000150      0x40c goldboard/CMPS11.o
 .debug_loc     0x0000055c      0x7c0 goldboard/Display.o
 .debug_loc     0x00000d1c      0xb22 goldboard/Goldboard4.o
 .debug_loc     0x0000183e      0x954 goldboard/i2c.o
 .debug_loc     0x00002192       0xe4 goldboard/infrared_pulse.o
 .debug_loc     0x00002276     0x1331 goldboard/LiquidCrystal_I2C.o
 .debug_loc     0x000035a7      0x611 goldboard/Motor.o
 .debug_loc     0x00003bb8      0x13a goldboard/PCF8574A.o
 .debug_loc     0x00003cf2     0x1d88 goldboard/print.o
 .debug_loc     0x00005a7a      0x451 goldboard/pwm.o
 .debug_loc     0x00005ecb       0xbd goldboard/SerialPrint.o
 .debug_loc     0x00005f88       0xf9 goldboard/servopwm.o
 .debug_loc     0x00006081      0x7e7 goldboard/SRF08.o
 .debug_loc     0x00006868      0x122 goldboard/time.o
 .debug_loc     0x0000698a      0x781 goldboard/twi.o
 .debug_loc     0x0000710b      0x304 goldboard/uart.o
 .debug_loc     0x0000740f      0x38b goldboard/usring.o
 .debug_loc     0x0000779a      0xb6a goldboard/Wire.o
 .debug_loc     0x00008304       0xaa Linie.o
 .debug_loc     0x000083ae       0x2f main.o
 .debug_loc     0x000083dd      0x358 Power.o
 .debug_loc     0x00008735      0x835 Sensoren.o

.debug_macinfo
 *(.debug_macinfo)

.debug_weaknames
 *(.debug_weaknames)

.debug_funcnames
 *(.debug_funcnames)

.debug_typenames
 *(.debug_typenames)

.debug_varnames
 *(.debug_varnames)

.debug_pubtypes
 *(.debug_pubtypes)

.debug_ranges   0x00000000      0xa20
 *(.debug_ranges)
 .debug_ranges  0x00000000       0x18 Ballverfolgung.o
 .debug_ranges  0x00000018       0x50 Displaysteuerung.o
 .debug_ranges  0x00000068       0x20 goldboard/adc.o
 .debug_ranges  0x00000088       0x50 goldboard/CMPS11.o
 .debug_ranges  0x000000d8       0x78 goldboard/Display.o
 .debug_ranges  0x00000150       0x80 goldboard/Goldboard4.o
 .debug_ranges  0x000001d0       0xb8 goldboard/i2c.o
 .debug_ranges  0x00000288       0x38 goldboard/infrared_pulse.o
 .debug_ranges  0x000002c0      0x188 goldboard/LiquidCrystal_I2C.o
 .debug_ranges  0x00000448       0x50 goldboard/Motor.o
 .debug_ranges  0x00000498       0x30 goldboard/PCF8574A.o
 .debug_ranges  0x000004c8      0x100 goldboard/print.o
 .debug_ranges  0x000005c8       0x70 goldboard/pwm.o
 .debug_ranges  0x00000638       0x38 goldboard/SerialPrint.o
 .debug_ranges  0x00000670       0x28 goldboard/servopwm.o
 .debug_ranges  0x00000698       0x70 goldboard/SRF08.o
 .debug_ranges  0x00000708       0x30 goldboard/time.o
 .debug_ranges  0x00000738       0x80 goldboard/twi.o
 .debug_ranges  0x000007b8       0x58 goldboard/uart.o
 .debug_ranges  0x00000810       0x40 goldboard/usring.o
 .debug_ranges  0x00000850       0xe8 goldboard/Wire.o
 .debug_ranges  0x00000938       0x28 Linie.o
 .debug_ranges  0x00000960       0x28 main.o
 .debug_ranges  0x00000988       0x38 Power.o
 .debug_ranges  0x000009c0       0x60 Sensoren.o

.debug_macro
 *(.debug_macro)
OUTPUT(Hauptprogramm 27_07_2018.elf elf32-avr)
LOAD linker stubs
